<html>
<body>
<pre>
<h1>µVision Build Log</h1>
<h2>Tool Versions:</h2>
IDE-Version: ¶ÃVision V5.34.0.0
Copyright (C) 2021 ARM Ltd and ARM Germany GmbH. All rights reserved.
License Information: MingCheng Zhang, shuimujieming, LIC=X96CK-ZW75A-TGN7T-RVHRT-N00QQ-CZN0Z
 
Tool Versions:
Toolchain:       MDK-ARM Plus  Version: 5.34.0.0
Toolchain Path:  D:\Soft\Keil_v5\ARM\ARMCC\Bin
C Compiler:      Armcc.exe V5.06 update 7 (build 960)
Assembler:       Armasm.exe V5.06 update 7 (build 960)
Linker/Locator:  ArmLink.exe V5.06 update 7 (build 960)
Library Manager: ArmAr.exe V5.06 update 7 (build 960)
Hex Converter:   FromElf.exe V5.06 update 7 (build 960)
CPU DLL:         SARMCM3.DLL V5.34.0.0
Dialog DLL:      DCM.DLL V1.17.3.0
Target DLL:      CMSIS_AGDI.dll V1.32.13.0
Dialog DLL:      TCM.DLL V1.48.0.0
 
<h2>Project:</h2>
E:\ElectricFiles\STM32\RM\Sentry_New\RM2022_Sentry_427_Up\USER\RM2022_Sentry_427.uvprojx
Project File Date:  12/16/2021

<h2>Output:</h2>
*** Using Compiler 'V5.06 update 7 (build 960)', folder: 'D:\Soft\Keil_v5\ARM\ARMCC\Bin'
Build target 'Sentry'
compiling shoot_task.c...
..\USER\main.h(56): warning:  #1-D: last line of file ends without a newline
  #endif
..\TASK\task_init.h(46): warning:  #1295-D: Deprecated declaration Task_Init - give arg types
  void Task_Init();
..\TASK\task_init.h(47): warning:  #1-D: last line of file ends without a newline
  #endif
..\TASK\led_task.h(5): warning:  #1295-D: Deprecated declaration led_task_create - give arg types
  void led_task_create();
..\TASK\led_task.h(7): warning:  #1-D: last line of file ends without a newline
  #endif
..\TASK\imu_task.h(5): warning:  #1295-D: Deprecated declaration imu_task_create - give arg types
  void imu_task_create();
..\TASK\imu_task.h(8): warning:  #1-D: last line of file ends without a newline
  #endif
..\TASK\shoot_task.h(27): warning:  #1-D: last line of file ends without a newline
  #endif
..\TASK\gimbal_task.h(12): warning:  #1295-D: Deprecated declaration gimbal_task_create - give arg types
  void gimbal_task_create();
..\TASK\gimbal_task.h(15): warning:  #1-D: last line of file ends without a newline
  #endif
..\TASK\chassis_task.h(31): warning:  #1295-D: Deprecated declaration chassis_task_create - give arg types
  void chassis_task_create();
..\TASK\chassis_task.h(34): warning:  #1-D: last line of file ends without a newline
  #endif
..\TASK\ui_task.h(5): warning:  #1295-D: Deprecated declaration ui_task_create - give arg types
  void ui_task_create();
..\TASK\ui_task.h(7): warning:  #1-D: last line of file ends without a newline
  #endif
..\TASK\can_send_task.h(5): warning:  #1295-D: Deprecated declaration can_send_task_create - give arg types
  void can_send_task_create();
..\TASK\can_send_task.h(8): warning:  #1-D: last line of file ends without a newline
  #endif
..\TASK\mode_task.h(5): warning:  #1295-D: Deprecated declaration mode_task_create - give arg types
  void mode_task_create();
..\TASK\mode_task.h(7): warning:  #1-D: last line of file ends without a newline
  #endif
..\TASK\supercap_task.h(6): warning:  #1-D: last line of file ends without a newline
  #endif
..\TASK\nuc_task.h(6): warning:  #1295-D: Deprecated declaration nuc_task_create - give arg types
  void nuc_task_create();
..\TASK\nuc_task.h(8): warning:  #1-D: last line of file ends without a newline
  #endif
..\HARDWARE\LED\led.h(17): warning:  #1295-D: Deprecated declaration LED_Init - give arg types
  void LED_Init();//≥ı ºªØLEDµ∆			    
..\HARDWARE\LASER\laser.h(17): warning:  #1-D: last line of file ends without a newline
  #endif
..\HARDWARE\DR16\dr16.h(70): warning:  #1295-D: Deprecated declaration DR16_Init - give arg types
  void DR16_Init();
..\HARDWARE\DR16\dr16.h(72): warning:  #1-D: last line of file ends without a newline
  #endif
..\HARDWARE\TIM6\tim6.h(9): warning:  #1-D: last line of file ends without a newline
  #endif
..\HARDWARE\PID\pid.h(40): warning:  #1-D: last line of file ends without a newline
  #endif
..\HARDWARE\CAN\can.h(9): warning:  #1-D: last line of file ends without a newline
  #endif
..\HARDWARE\SPI\spi.h(5): warning:  #1295-D: Deprecated declaration SPI_IMU_Init - give arg types
  void SPI_IMU_Init();
..\HARDWARE\SPI\spi.h(8): warning:  #1-D: last line of file ends without a newline
  #endif
..\HARDWARE\IMU\imu.h(13): warning:  #1295-D: Deprecated declaration IMU_Ahrs_Update - give arg types
  void IMU_Ahrs_Update();
..\HARDWARE\IMU\imu.h(14): warning:  #1295-D: Deprecated declaration IMU_Attitude_Update - give arg types
  void IMU_Attitude_Update();
..\HARDWARE\POWER\power.h(5): warning:  #1295-D: Deprecated declaration Power_Init - give arg types
  void Power_Init();
..\HARDWARE\POWER\power.h(7): warning:  #1-D: last line of file ends without a newline
  #endif
..\HARDWARE\NUC\nuc.h(7): warning:  #1295-D: Deprecated declaration NUC_Init - give arg types
  void NUC_Init();
..\HARDWARE\NUC\nuc.h(8): warning:  #1295-D: Deprecated declaration NUC_Send_Data - give arg types
  void NUC_Send_Data();
..\HARDWARE\NUC\nuc.h(23): warning:  #1-D: last line of file ends without a newline
  #endif
..\HARDWARE\SHOOT\shoot.h(5): warning:  #1295-D: Deprecated declaration Shoot_Init - give arg types
  void Shoot_Init();
..\HARDWARE\SHOOT\shoot.h(8): warning:  #1-D: last line of file ends without a newline
  #endif
..\HARDWARE\COVER\cover.h(5): warning:  #1295-D: Deprecated declaration Cover_Init - give arg types
  void Cover_Init();
..\HARDWARE\COVER\cover.h(14): warning:  #1-D: last line of file ends without a newline
  #endif
..\HARDWARE\REFEREE\referee.h(5): warning:  #1295-D: Deprecated declaration Referee_Init - give arg types
  void Referee_Init();
..\HARDWARE\REFEREE\referee.h(8): warning:  #1-D: last line of file ends without a newline
  #endif
..\HARDWARE\BEEP\beep.h(9): warning:  #1295-D: Deprecated declaration Beep_Init - give arg types
  void Beep_Init();
..\HARDWARE\BEEP\beep.h(12): warning:  #1-D: last line of file ends without a newline
  #endif
..\HARDWARE\DUALBOARD\dual_board.h(7): warning:  #1295-D: Deprecated declaration Dual_Board_Init - give arg types
  void Dual_Board_Init();
..\HARDWARE\DUALBOARD\dual_board.h(8): warning:  #1295-D: Deprecated declaration Dual_Board_Send_Data - give arg types
  void Dual_Board_Send_Data();
..\HARDWARE\DUALBOARD\dual_board.h(38): warning:  #1-D: last line of file ends without a newline
  #endif
..\HARDWARE\REFEREE\referee_info.h(242): warning:  #1-D: last line of file ends without a newline
  #endif
..\HARDWARE\REFEREE\custom_ui.h(138): warning:  #1295-D: Deprecated declaration Show_UI - give arg types
  void Show_UI();
..\HARDWARE\REFEREE\custom_ui.h(139): warning:  #1-D: last line of file ends without a newline
  #endif
..\HARDWARE\GIMBAL\gimbal.h(8): warning:  #1295-D: Deprecated declaration Gimbal_Init - give arg types
  void Gimbal_Init();
..\HARDWARE\GIMBAL\gimbal.h(10): warning:  #1-D: last line of file ends without a newline
  #endif
..\HARDWARE\CHASSIS\chassis.h(8): warning:  #1295-D: Deprecated declaration Chassis_Init - give arg types
  void Chassis_Init();
..\HARDWARE\CHASSIS\chassis.h(10): warning:  #1-D: last line of file ends without a newline
  #endif
..\HARDWARE\CAN_HANDLE\can_handle.h(29): warning:  #1-D: last line of file ends without a newline
  #endif
..\USER\main.h(56): warning:  #1-D: last line of file ends without a newline
  #endif
..\TASK\shoot_task.h(25): warning:  #1295-D: Deprecated declaration shoot_task_create - give arg types
  void shoot_task_create();
..\TASK\shoot_task.h(27): warning:  #1-D: last line of file ends without a newline
  #endif
..\TASK\shoot_task.c(5): warning:  #1295-D: Deprecated declaration Shoot_Stop_Control - give arg types
  void Shoot_Stop_Control();
..\TASK\shoot_task.c(6): warning:  #1295-D: Deprecated declaration Shoot_Run_Control - give arg types
  void Shoot_Run_Control();
..\TASK\shoot_task.c(7): warning:  #1295-D: Deprecated declaration Shoot_Run_Down_Control - give arg types
  void Shoot_Run_Down_Control();
..\TASK\shoot_task.c(108): warning:  #1295-D: Deprecated declaration Bullet_Block_Up_Control - give arg types
  void Bullet_Block_Up_Control();
..\TASK\shoot_task.c(170): warning:  #1295-D: Deprecated declaration Bullet_Block_Down_Control - give arg types
  void Bullet_Block_Down_Control();
..\TASK\shoot_task.c(310): warning:  #1-D: last line of file ends without a newline
  }
..\TASK\shoot_task.c: 65 warnings, 0 errors
linking...
Program Size: Code=37848 RO-data=1488 RW-data=492 ZI-data=82620  
".\Objects\RM2022_Sentry_427.axf" - 0 Error(s), 65 Warning(s).

<h2>Software Packages used:</h2>

Package Vendor: Keil
                http://www.keil.com/pack/Keil.STM32F4xx_DFP.2.15.0.pack
                Keil.STM32F4xx_DFP.2.15.0
                STMicroelectronics STM32F4 Series Device Support, Drivers and Examples

<h2>Collection of Component include folders:</h2>
  D:\Soft\Arm\Packs\Keil\STM32F4xx_DFP\2.15.0\Drivers\CMSIS\Device\ST\STM32F4xx\Include

<h2>Collection of Component Files used:</h2>
Build Time Elapsed:  00:00:01
</pre>
</body>
</html>
