Component: ARM Compiler 5.06 update 7 (build 960) Tool: armlink [4d3601]

==============================================================================

Section Cross References

    main.o(i.BSP_Init) refers to power.o(i.Power_Init) for Power_Init
    main.o(i.BSP_Init) refers to led.o(i.LED_Init) for LED_Init
    main.o(i.BSP_Init) refers to laser.o(i.Laser_Init) for Laser_Init
    main.o(i.BSP_Init) refers to dr16.o(i.DR16_Init) for DR16_Init
    main.o(i.BSP_Init) refers to can.o(i.CAN12_Init) for CAN12_Init
    main.o(i.BSP_Init) refers to imu.o(i.IMU_Init) for IMU_Init
    main.o(i.BSP_Init) refers to tim6.o(i.TIM6_Init) for TIM6_Init
    main.o(i.BSP_Init) refers to gimbal.o(i.Gimbal_Init) for Gimbal_Init
    main.o(i.BSP_Init) refers to shoot.o(i.Shoot_Init) for Shoot_Init
    main.o(i.BSP_Init) refers to nuc.o(i.NUC_Init) for NUC_Init
    main.o(i.BSP_Init) refers to dual_board.o(i.Dual_Board_Init) for Dual_Board_Init
    main.o(i.BSP_Init) refers to cover.o(i.Cover_Init) for Cover_Init
    main.o(i.BSP_Init) refers to beep.o(i.Beep_Init) for Beep_Init
    main.o(i.main) refers to misc.o(i.NVIC_PriorityGroupConfig) for NVIC_PriorityGroupConfig
    main.o(i.main) refers to delay.o(i.delay_init) for delay_init
    main.o(i.main) refers to main.o(i.BSP_Init) for BSP_Init
    main.o(i.main) refers to task_init.o(i.Task_Init) for Task_Init
    main.o(i.main) refers to beep.o(i.Beep_Ctrl) for Beep_Ctrl
    system_stm32f4xx.o(i.SystemCoreClockUpdate) refers to system_stm32f4xx.o(.data) for SystemCoreClock
    system_stm32f4xx.o(i.SystemInit) refers to system_stm32f4xx.o(i.SetSysClock) for SetSysClock
    beep.o(i.Beep_Init) refers to stm32f4xx_rcc.o(i.RCC_APB1PeriphClockCmd) for RCC_APB1PeriphClockCmd
    beep.o(i.Beep_Init) refers to stm32f4xx_rcc.o(i.RCC_AHB1PeriphClockCmd) for RCC_AHB1PeriphClockCmd
    beep.o(i.Beep_Init) refers to stm32f4xx_gpio.o(i.GPIO_PinAFConfig) for GPIO_PinAFConfig
    beep.o(i.Beep_Init) refers to stm32f4xx_gpio.o(i.GPIO_Init) for GPIO_Init
    beep.o(i.Beep_Init) refers to stm32f4xx_tim.o(i.TIM_TimeBaseInit) for TIM_TimeBaseInit
    beep.o(i.Beep_Init) refers to stm32f4xx_tim.o(i.TIM_OC1Init) for TIM_OC1Init
    beep.o(i.Beep_Init) refers to stm32f4xx_tim.o(i.TIM_OC1PreloadConfig) for TIM_OC1PreloadConfig
    beep.o(i.Beep_Init) refers to stm32f4xx_tim.o(i.TIM_ARRPreloadConfig) for TIM_ARRPreloadConfig
    beep.o(i.Beep_Init) refers to stm32f4xx_tim.o(i.TIM_Cmd) for TIM_Cmd
    can.o(i.CAN12_Init) refers to can.o(i.CAN1_Init) for CAN1_Init
    can.o(i.CAN12_Init) refers to can.o(i.CAN2_Init) for CAN2_Init
    can.o(i.CAN1_Init) refers to stm32f4xx_rcc.o(i.RCC_AHB1PeriphClockCmd) for RCC_AHB1PeriphClockCmd
    can.o(i.CAN1_Init) refers to stm32f4xx_rcc.o(i.RCC_APB1PeriphClockCmd) for RCC_APB1PeriphClockCmd
    can.o(i.CAN1_Init) refers to stm32f4xx_gpio.o(i.GPIO_PinAFConfig) for GPIO_PinAFConfig
    can.o(i.CAN1_Init) refers to stm32f4xx_gpio.o(i.GPIO_Init) for GPIO_Init
    can.o(i.CAN1_Init) refers to misc.o(i.NVIC_Init) for NVIC_Init
    can.o(i.CAN1_Init) refers to stm32f4xx_can.o(i.CAN_DeInit) for CAN_DeInit
    can.o(i.CAN1_Init) refers to stm32f4xx_can.o(i.CAN_StructInit) for CAN_StructInit
    can.o(i.CAN1_Init) refers to stm32f4xx_can.o(i.CAN_Init) for CAN_Init
    can.o(i.CAN1_Init) refers to stm32f4xx_can.o(i.CAN_FilterInit) for CAN_FilterInit
    can.o(i.CAN1_Init) refers to stm32f4xx_can.o(i.CAN_ITConfig) for CAN_ITConfig
    can.o(i.CAN2_Init) refers to stm32f4xx_rcc.o(i.RCC_AHB1PeriphClockCmd) for RCC_AHB1PeriphClockCmd
    can.o(i.CAN2_Init) refers to stm32f4xx_rcc.o(i.RCC_APB1PeriphClockCmd) for RCC_APB1PeriphClockCmd
    can.o(i.CAN2_Init) refers to stm32f4xx_gpio.o(i.GPIO_PinAFConfig) for GPIO_PinAFConfig
    can.o(i.CAN2_Init) refers to stm32f4xx_gpio.o(i.GPIO_Init) for GPIO_Init
    can.o(i.CAN2_Init) refers to misc.o(i.NVIC_Init) for NVIC_Init
    can.o(i.CAN2_Init) refers to stm32f4xx_can.o(i.CAN_DeInit) for CAN_DeInit
    can.o(i.CAN2_Init) refers to stm32f4xx_can.o(i.CAN_StructInit) for CAN_StructInit
    can.o(i.CAN2_Init) refers to stm32f4xx_can.o(i.CAN_Init) for CAN_Init
    can.o(i.CAN2_Init) refers to stm32f4xx_can.o(i.CAN_FilterInit) for CAN_FilterInit
    can.o(i.CAN2_Init) refers to stm32f4xx_can.o(i.CAN_ITConfig) for CAN_ITConfig
    can_handle.o(i.CAN1_RX0_IRQHandler) refers to stm32f4xx_can.o(i.CAN_GetITStatus) for CAN_GetITStatus
    can_handle.o(i.CAN1_RX0_IRQHandler) refers to stm32f4xx_can.o(i.CAN_Receive) for CAN_Receive
    can_handle.o(i.CAN1_RX0_IRQHandler) refers to can_handle.o(i.CAN_Data_Decode) for CAN_Data_Decode
    can_handle.o(i.CAN1_RX0_IRQHandler) refers to stm32f4xx_can.o(i.CAN_ClearITPendingBit) for CAN_ClearITPendingBit
    can_handle.o(i.CAN1_RX0_IRQHandler) refers to can_handle.o(.bss) for CAN_Shoot
    can_handle.o(i.CAN1_TX_Chassis) refers to stm32f4xx_can.o(i.CAN_Transmit) for CAN_Transmit
    can_handle.o(i.CAN1_TX_Chassis) refers to can_handle.o(.bss) for CAN_Chassis
[...]
    I2C2_EV_IRQHandler                       0x0800035f   Thumb Code     0  startup_stm32f427xx.o(.text)
    I2C3_ER_IRQHandler                       0x0800035f   Thumb Code     0  startup_stm32f427xx.o(.text)
    I2C3_EV_IRQHandler                       0x0800035f   Thumb Code     0  startup_stm32f427xx.o(.text)
    OTG_FS_IRQHandler                        0x0800035f   Thumb Code     0  startup_stm32f427xx.o(.text)
    OTG_FS_WKUP_IRQHandler                   0x0800035f   Thumb Code     0  startup_stm32f427xx.o(.text)
    OTG_HS_EP1_IN_IRQHandler                 0x0800035f   Thumb Code     0  startup_stm32f427xx.o(.text)
    OTG_HS_EP1_OUT_IRQHandler                0x0800035f   Thumb Code     0  startup_stm32f427xx.o(.text)
    OTG_HS_IRQHandler                        0x0800035f   Thumb Code     0  startup_stm32f427xx.o(.text)
    OTG_HS_WKUP_IRQHandler                   0x0800035f   Thumb Code     0  startup_stm32f427xx.o(.text)
    PVD_IRQHandler                           0x0800035f   Thumb Code     0  startup_stm32f427xx.o(.text)
    RCC_IRQHandler                           0x0800035f   Thumb Code     0  startup_stm32f427xx.o(.text)
    RTC_Alarm_IRQHandler                     0x0800035f   Thumb Code     0  startup_stm32f427xx.o(.text)
    RTC_WKUP_IRQHandler                      0x0800035f   Thumb Code     0  startup_stm32f427xx.o(.text)
    SAI1_IRQHandler                          0x0800035f   Thumb Code     0  startup_stm32f427xx.o(.text)
    SDIO_IRQHandler                          0x0800035f   Thumb Code     0  startup_stm32f427xx.o(.text)
    SPI1_IRQHandler                          0x0800035f   Thumb Code     0  startup_stm32f427xx.o(.text)
    SPI2_IRQHandler                          0x0800035f   Thumb Code     0  startup_stm32f427xx.o(.text)
    SPI3_IRQHandler                          0x0800035f   Thumb Code     0  startup_stm32f427xx.o(.text)
    SPI4_IRQHandler                          0x0800035f   Thumb Code     0  startup_stm32f427xx.o(.text)
    SPI5_IRQHandler                          0x0800035f   Thumb Code     0  startup_stm32f427xx.o(.text)
    SPI6_IRQHandler                          0x0800035f   Thumb Code     0  startup_stm32f427xx.o(.text)
    TAMP_STAMP_IRQHandler                    0x0800035f   Thumb Code     0  startup_stm32f427xx.o(.text)
    TIM1_BRK_TIM9_IRQHandler                 0x0800035f   Thumb Code     0  startup_stm32f427xx.o(.text)
    TIM1_CC_IRQHandler                       0x0800035f   Thumb Code     0  startup_stm32f427xx.o(.text)
    TIM1_TRG_COM_TIM11_IRQHandler            0x0800035f   Thumb Code     0  startup_stm32f427xx.o(.text)
    TIM1_UP_TIM10_IRQHandler                 0x0800035f   Thumb Code     0  startup_stm32f427xx.o(.text)
    TIM2_IRQHandler                          0x0800035f   Thumb Code     0  startup_stm32f427xx.o(.text)
    TIM3_IRQHandler                          0x0800035f   Thumb Code     0  startup_stm32f427xx.o(.text)
    TIM4_IRQHandler                          0x0800035f   Thumb Code     0  startup_stm32f427xx.o(.text)
    TIM5_IRQHandler                          0x0800035f   Thumb Code     0  startup_stm32f427xx.o(.text)
    TIM7_IRQHandler                          0x0800035f   Thumb Code     0  startup_stm32f427xx.o(.text)
    TIM8_BRK_TIM12_IRQHandler                0x0800035f   Thumb Code     0  startup_stm32f427xx.o(.text)
    TIM8_CC_IRQHandler                       0x0800035f   Thumb Code     0  startup_stm32f427xx.o(.text)
    TIM8_TRG_COM_TIM14_IRQHandler            0x0800035f   Thumb Code     0  startup_stm32f427xx.o(.text)
    TIM8_UP_TIM13_IRQHandler                 0x0800035f   Thumb Code     0  startup_stm32f427xx.o(.text)
    UART4_IRQHandler                         0x0800035f   Thumb Code     0  startup_stm32f427xx.o(.text)
    UART5_IRQHandler                         0x0800035f   Thumb Code     0  startup_stm32f427xx.o(.text)
    UART7_IRQHandler                         0x0800035f   Thumb Code     0  startup_stm32f427xx.o(.text)
    USART2_IRQHandler                        0x0800035f   Thumb Code     0  startup_stm32f427xx.o(.text)
    USART6_IRQHandler                        0x0800035f   Thumb Code     0  startup_stm32f427xx.o(.text)
    WWDG_IRQHandler                          0x0800035f   Thumb Code     0  startup_stm32f427xx.o(.text)
    __user_initial_stackheap                 0x08000361   Thumb Code     0  startup_stm32f427xx.o(.text)
    __aeabi_memcpy                           0x08000385   Thumb Code     0  rt_memcpy_v6.o(.text)
    __rt_memcpy                              0x08000385   Thumb Code   138  rt_memcpy_v6.o(.text)
    _memcpy_lastbytes                        0x080003eb   Thumb Code     0  rt_memcpy_v6.o(.text)
    __aeabi_memset                           0x0800040f   Thumb Code    16  aeabi_memset.o(.text)
    __use_two_region_memory                  0x0800041f   Thumb Code     2  heapauxi.o(.text)
    __rt_heap_escrow$2region                 0x08000421   Thumb Code     2  heapauxi.o(.text)
    __rt_heap_expand$2region                 0x08000423   Thumb Code     2  heapauxi.o(.text)
    __read_errno                             0x08000425   Thumb Code    10  _rserrno.o(.text)
    __set_errno                              0x0800042f   Thumb Code    12  _rserrno.o(.text)
    __aeabi_memcpy4                          0x0800043b   Thumb Code     0  rt_memcpy_w.o(.text)
    __aeabi_memcpy8                          0x0800043b   Thumb Code     0  rt_memcpy_w.o(.text)
    __rt_memcpy_w                            0x0800043b   Thumb Code   100  rt_memcpy_w.o(.text)
    _memcpy_lastbytes_aligned                0x08000483   Thumb Code     0  rt_memcpy_w.o(.text)
    __aeabi_memclr                           0x0800049f   Thumb Code     0  rt_memclr.o(.text)
    __rt_memclr                              0x0800049f   Thumb Code    68  rt_memclr.o(.text)
    _memset                                  0x080004a3   Thumb Code     0  rt_memclr.o(.text)
    __aeabi_errno_addr                       0x080004e5   Thumb Code     8  rt_errno_addr_intlibspace.o(.text)
    __errno$intlibspace                      0x080004e5   Thumb Code     0  rt_errno_addr_intlibspace.o(.text)
    __rt_errno_addr$intlibspace              0x080004e5   Thumb Code     0  rt_errno_addr_intlibspace.o(.text)
    __aeabi_memclr4                          0x080004ed   Thumb Code     0  rt_memclr_w.o(.text)
    __aeabi_memclr8                          0x080004ed   Thumb Code     0  rt_memclr_w.o(.text)
    __rt_memclr_w                            0x080004ed   Thumb Code    78  rt_memclr_w.o(.text)
    _memset_w                                0x080004f1   Thumb Code     0  rt_memclr_w.o(.text)
    __user_libspace                          0x0800053d   Thumb Code     8  libspace.o(.text)
    __user_perproc_libspace                  0x0800053d   Thumb Code     0  libspace.o(.text)
    __user_perthread_libspace                0x0800053d   Thumb Code     0  libspace.o(.text)
    __user_setup_stackheap                   0x08000545   Thumb Code    74  sys_stackheap_outer.o(.text)
    exit                                     0x0800058f   Thumb Code    18  exit.o(.text)
    _sys_exit                                0x080005a1   Thumb Code     8  sys_exit.o(.text)
    __I$use$semihosting                      0x080005ad   Thumb Code     0  use_no_semi.o(.text)
    __use_no_semihosting_swi                 0x080005ad   Thumb Code     2  use_no_semi.o(.text)
    BSP_Init                                 0x080005af   Thumb Code    60  main.o(i.BSP_Init)
    __semihosting_library_function           0x080005af   Thumb Code     0  indicate_semi.o(.text)
    Beep_Ctrl                                0x080005ed   Thumb Code    12  beep.o(i.Beep_Ctrl)
    Beep_Init                                0x080005fd   Thumb Code   150  beep.o(i.Beep_Init)
    BusFault_Handler                         0x0800069d   Thumb Code     4  stm32f4xx_it.o(i.BusFault_Handler)
    CAN12_Init                               0x080006a1   Thumb Code    12  can.o(i.CAN12_Init)
    CAN1_Init                                0x080006ad   Thumb Code   276  can.o(i.CAN1_Init)
    CAN1_RX0_IRQHandler                      0x080007c9   Thumb Code   132  can_handle.o(i.CAN1_RX0_IRQHandler)
    CAN1_TX_Gimbal                           0x08000859   Thumb Code   106  can_handle.o(i.CAN1_TX_Gimbal)
    CAN1_TX_IRQHandler                       0x080008d1   Thumb Code    28  can_handle.o(i.CAN1_TX_IRQHandler)
    CAN1_TX_Shoot                            0x080008f5   Thumb Code   106  can_handle.o(i.CAN1_TX_Shoot)
    CAN2_Init                                0x0800096d   Thumb Code   290  can.o(i.CAN2_Init)
    CAN2_RX0_IRQHandler                      0x08000a99   Thumb Code    62  can_handle.o(i.CAN2_RX0_IRQHandler)
    CAN2_TX_IRQHandler                       0x08000add   Thumb Code    28  can_handle.o(i.CAN2_TX_IRQHandler)
    CAN_ClearITPendingBit                    0x08000b01   Thumb Code   162  stm32f4xx_can.o(i.CAN_ClearITPendingBit)
    CAN_Data_Decode                          0x08000ba9   Thumb Code    80  can_handle.o(i.CAN_Data_Decode)
    CAN_DeInit                               0x08000bf9   Thumb Code    50  stm32f4xx_can.o(i.CAN_DeInit)
    CAN_FilterInit                           0x08000c31   Thumb Code   258  stm32f4xx_can.o(i.CAN_FilterInit)
    CAN_GetITStatus                          0x08000d39   Thumb Code   284  stm32f4xx_can.o(i.CAN_GetITStatus)
    CAN_ITConfig                             0x08000e59   Thumb Code    18  stm32f4xx_can.o(i.CAN_ITConfig)
    CAN_Init                                 0x08000e6b   Thumb Code   276  stm32f4xx_can.o(i.CAN_Init)
    CAN_Receive                              0x08000f7f   Thumb Code   240  stm32f4xx_can.o(i.CAN_Receive)
    CAN_StructInit                           0x0800106f   Thumb Code    32  stm32f4xx_can.o(i.CAN_StructInit)
    CAN_Transmit                             0x0800108f   Thumb Code   294  stm32f4xx_can.o(i.CAN_Transmit)
    Cover_Init                               0x080011c9   Thumb Code    18  cover.o(i.Cover_Init)
    Cover_PWM_Init                           0x080011e1   Thumb Code   154  cover.o(i.Cover_PWM_Init)
    DMA1_Stream0_IRQHandler                  0x08001285   Thumb Code    40  dual_board.o(i.DMA1_Stream0_IRQHandler)
    DMA1_Stream3_IRQHandler                  0x080012b5   Thumb Code    40  nuc.o(i.DMA1_Stream3_IRQHandler)
    DMA_ClearITPendingBit                    0x080012e5   Thumb Code    38  stm32f4xx_dma.o(i.DMA_ClearITPendingBit)
    DMA_Cmd                                  0x08001319   Thumb Code    22  stm32f4xx_dma.o(i.DMA_Cmd)
    DMA_DeInit                               0x08001331   Thumb Code   324  stm32f4xx_dma.o(i.DMA_DeInit)
    DMA_DoubleBufferModeCmd                  0x08001489   Thumb Code    22  stm32f4xx_dma.o(i.DMA_DoubleBufferModeCmd)
    DMA_DoubleBufferModeConfig               0x0800149f   Thumb Code    24  stm32f4xx_dma.o(i.DMA_DoubleBufferModeConfig)
    DMA_GetCurrDataCounter                   0x080014b7   Thumb Code     8  stm32f4xx_dma.o(i.DMA_GetCurrDataCounter)
    DMA_GetCurrentMemoryTarget               0x080014bf   Thumb Code    20  stm32f4xx_dma.o(i.DMA_GetCurrentMemoryTarget)
    DMA_GetITStatus                          0x080014d5   Thumb Code    82  stm32f4xx_dma.o(i.DMA_GetITStatus)
    DMA_ITConfig                             0x08001539   Thumb Code    58  stm32f4xx_dma.o(i.DMA_ITConfig)
    DMA_Init                                 0x08001575   Thumb Code    82  stm32f4xx_dma.o(i.DMA_Init)
    DMA_SetCurrDataCounter                   0x080015cd   Thumb Code     4  stm32f4xx_dma.o(i.DMA_SetCurrDataCounter)
    DR16_DataDecode                          0x080015d1   Thumb Code   188  dr16.o(i.DR16_DataDecode)
    DR16_Init                                0x08001695   Thumb Code    16  dr16.o(i.DR16_Init)
    DR16_USART_DMA_Init                      0x080016a5   Thumb Code   130  dr16.o(i.DR16_USART_DMA_Init)
    DR16_USART_Init                          0x08001735   Thumb Code   140  dr16.o(i.DR16_USART_Init)
    DR16_USART_NVIC_Init                     0x080017cd   Thumb Code    34  dr16.o(i.DR16_USART_NVIC_Init)
    DebugMon_Handler                         0x080017ef   Thumb Code     2  stm32f4xx_it.o(i.DebugMon_Handler)
    Dual_Board_Data_Decode                   0x080017f1   Thumb Code    96  dual_board.o(i.Dual_Board_Data_Decode)
    Dual_Board_Init                          0x08001855   Thumb Code    16  dual_board.o(i.Dual_Board_Init)
    Dual_Board_Send_Data                     0x08001865   Thumb Code    56  dual_board.o(i.Dual_Board_Send_Data)
    Dual_Board_USART_DMA_Init                0x080018a9   Thumb Code   224  dual_board.o(i.Dual_Board_USART_DMA_Init)
    Dual_Board_USART_Init                    0x08001999   Thumb Code   142  dual_board.o(i.Dual_Board_USART_Init)
    Dual_Board_USART_NVIC_Init               0x08001a31   Thumb Code    64  dual_board.o(i.Dual_Board_USART_NVIC_Init)
    EXTI9_5_IRQHandler                       0x08001a71   Thumb Code    20  imu.o(i.EXTI9_5_IRQHandler)
    EXTI_ClearITPendingBit                   0x08001a85   Thumb Code     6  stm32f4xx_exti.o(i.EXTI_ClearITPendingBit)
    EXTI_GetITStatus                         0x08001a91   Thumb Code    20  stm32f4xx_exti.o(i.EXTI_GetITStatus)
    EXTI_Init                                0x08001aa9   Thumb Code   142  stm32f4xx_exti.o(i.EXTI_Init)
    Encoder_Data_Process                     0x08001b3d   Thumb Code    30  gimbal.o(i.Encoder_Data_Process)
    GPIO_Init                                0x08001b5b   Thumb Code   144  stm32f4xx_gpio.o(i.GPIO_Init)
    GPIO_PinAFConfig                         0x08001beb   Thumb Code    70  stm32f4xx_gpio.o(i.GPIO_PinAFConfig)
    GPIO_ResetBits                           0x08001c31   Thumb Code     4  stm32f4xx_gpio.o(i.GPIO_ResetBits)
    GPIO_SetBits                             0x08001c35   Thumb Code     4  stm32f4xx_gpio.o(i.GPIO_SetBits)
    GPIO_ToggleBits                          0x08001c39   Thumb Code     8  stm32f4xx_gpio.o(i.GPIO_ToggleBits)
    GPIO_WriteBit                            0x08001c41   Thumb Code    10  stm32f4xx_gpio.o(i.GPIO_WriteBit)
    Get_Cover_Mode                           0x08001c4d   Thumb Code   138  mode_task.o(i.Get_Cover_Mode)
    Get_Freq                                 0x08001cf9   Thumb Code    28  shoot_task.o(i.Get_Freq)
    Get_Gimbal_Mode                          0x08001d21   Thumb Code    92  mode_task.o(i.Get_Gimbal_Mode)
    Get_Shoot_Mode                           0x08001d85   Thumb Code   106  mode_task.o(i.Get_Shoot_Mode)
    Gimbal_AutoAim_Control                   0x08001dfd   Thumb Code   432  gimbal_task.o(i.Gimbal_AutoAim_Control)
    Gimbal_Follow_Control                    0x08001fe1   Thumb Code   310  gimbal_task.o(i.Gimbal_Follow_Control)
    Gimbal_Init                              0x0800214d   Thumb Code   266  gimbal.o(i.Gimbal_Init)
    Gimbal_Keep_Control                      0x08002291   Thumb Code   242  gimbal_task.o(i.Gimbal_Keep_Control)
    Gimbal_Stop_Control                      0x080023ad   Thumb Code    14  gimbal_task.o(i.Gimbal_Stop_Control)
    HardFault_Handler                        0x080023c1   Thumb Code     4  stm32f4xx_it.o(i.HardFault_Handler)
    IMU_Ahrs_Update                          0x080023c5   Thumb Code  1834  imu.o(i.IMU_Ahrs_Update)
    IMU_Attitude_Update                      0x08002b35   Thumb Code   490  imu.o(i.IMU_Attitude_Update)
    IMU_Get_Data                             0x08002d3d   Thumb Code   342  imu.o(i.IMU_Get_Data)
    IMU_Init                                 0x08002ead   Thumb Code    20  imu.o(i.IMU_Init)
    IMU_Interrupt_Init                       0x08002ec1   Thumb Code   128  imu.o(i.IMU_Interrupt_Init)
    LED_Init                                 0x08002f45   Thumb Code   104  led.o(i.LED_Init)
    Laser_Init                               0x08002fb5   Thumb Code    54  laser.o(i.Laser_Init)
    MPU_Device_Init                          0x08002ff1   Thumb Code    82  imu.o(i.MPU_Device_Init)
    MPU_Offset_Cali                          0x08003051   Thumb Code   296  imu.o(i.MPU_Offset_Cali)
    MPU_Read_Byte                            0x08003181   Thumb Code    44  imu.o(i.MPU_Read_Byte)
    MPU_Read_Bytes                           0x080031b1   Thumb Code    64  imu.o(i.MPU_Read_Bytes)
    MPU_Write_Byte                           0x080031f5   Thumb Code    44  imu.o(i.MPU_Write_Byte)
    MemManage_Handler                        0x08003225   Thumb Code     4  stm32f4xx_it.o(i.MemManage_Handler)
    NMI_Handler                              0x08003229   Thumb Code     2  stm32f4xx_it.o(i.NMI_Handler)
    NUC_Data_Decode                          0x0800322d   Thumb Code   124  nuc.o(i.NUC_Data_Decode)
    NUC_Init                                 0x080032b1   Thumb Code    16  nuc.o(i.NUC_Init)
    NUC_Send_Data                            0x080032c1   Thumb Code   470  nuc.o(i.NUC_Send_Data)
    NUC_USART_DMA_Init                       0x080034c5   Thumb Code   224  nuc.o(i.NUC_USART_DMA_Init)
    NUC_USART_Init                           0x080035b5   Thumb Code   144  nuc.o(i.NUC_USART_Init)
    NUC_USART_NVIC_Init                      0x0800364d   Thumb Code    64  nuc.o(i.NUC_USART_NVIC_Init)
    NVIC_Init                                0x0800368d   Thumb Code   106  misc.o(i.NVIC_Init)
    NVIC_PriorityGroupConfig                 0x08003705   Thumb Code    10  misc.o(i.NVIC_PriorityGroupConfig)
    Pid_Calc                                 0x08003719   Thumb Code   476  pid.o(i.Pid_Calc)
    Pid_Reset                                0x080038f9   Thumb Code   154  pid.o(i.Pid_Reset)
    Pid_Set                                  0x08003999   Thumb Code    46  pid.o(i.Pid_Set)
    Power_Init                               0x080039c9   Thumb Code    50  power.o(i.Power_Init)
    Quaternion_Init                          0x08003a01   Thumb Code   450  imu.o(i.Quaternion_Init)
    RCC_AHB1PeriphClockCmd                   0x08003c2d   Thumb Code    26  stm32f4xx_rcc.o(i.RCC_AHB1PeriphClockCmd)
    RCC_APB1PeriphClockCmd                   0x08003c4d   Thumb Code    26  stm32f4xx_rcc.o(i.RCC_APB1PeriphClockCmd)
    RCC_APB1PeriphResetCmd                   0x08003c6d   Thumb Code    26  stm32f4xx_rcc.o(i.RCC_APB1PeriphResetCmd)
    RCC_APB2PeriphClockCmd                   0x08003c8d   Thumb Code    26  stm32f4xx_rcc.o(i.RCC_APB2PeriphClockCmd)
    RCC_APB2PeriphResetCmd                   0x08003cad   Thumb Code    26  stm32f4xx_rcc.o(i.RCC_APB2PeriphResetCmd)
    RCC_GetClocksFreq                        0x08003ccd   Thumb Code   214  stm32f4xx_rcc.o(i.RCC_GetClocksFreq)
    SPI_Cmd                                  0x08003db5   Thumb Code    24  stm32f4xx_spi.o(i.SPI_Cmd)
    SPI_I2S_GetFlagStatus                    0x08003dcd   Thumb Code    18  stm32f4xx_spi.o(i.SPI_I2S_GetFlagStatus)
    SPI_I2S_ReceiveData                      0x08003ddf   Thumb Code     6  stm32f4xx_spi.o(i.SPI_I2S_ReceiveData)
    SPI_I2S_SendData                         0x08003de5   Thumb Code     4  stm32f4xx_spi.o(i.SPI_I2S_SendData)
    SPI_IMU_Init                             0x08003de9   Thumb Code   212  spi.o(i.SPI_IMU_Init)
    SPI_Init                                 0x08003ec5   Thumb Code    60  stm32f4xx_spi.o(i.SPI_Init)
    SPI_ReadWriteByte                        0x08003f01   Thumb Code    50  spi.o(i.SPI_ReadWriteByte)
    SYSCFG_EXTILineConfig                    0x08003f39   Thumb Code    60  stm32f4xx_syscfg.o(i.SYSCFG_EXTILineConfig)
    Shoot_Init                               0x08004099   Thumb Code   170  shoot.o(i.Shoot_Init)
    Shoot_Run_Control                        0x08004159   Thumb Code   148  shoot_task.o(i.Shoot_Run_Control)
    Shoot_Stop_Control                       0x08004211   Thumb Code    96  shoot_task.o(i.Shoot_Stop_Control)
    SysTick_CLKSourceConfig                  0x08004281   Thumb Code    40  misc.o(i.SysTick_CLKSourceConfig)
    SysTick_Handler                          0x080042a9   Thumb Code    16  delay.o(i.SysTick_Handler)
    SystemInit                               0x080042b9   Thumb Code    88  system_stm32f4xx.o(i.SystemInit)
    TIM6_DAC_IRQHandler                      0x08004321   Thumb Code   122  tim6.o(i.TIM6_DAC_IRQHandler)
    TIM6_Init                                0x080043b5   Thumb Code    86  tim6.o(i.TIM6_Init)
    TIM_ARRPreloadConfig                     0x08004411   Thumb Code    24  stm32f4xx_tim.o(i.TIM_ARRPreloadConfig)
    TIM_ClearITPendingBit                    0x08004429   Thumb Code     6  stm32f4xx_tim.o(i.TIM_ClearITPendingBit)
    TIM_Cmd                                  0x0800442f   Thumb Code    24  stm32f4xx_tim.o(i.TIM_Cmd)
    TIM_GetITStatus                          0x08004447   Thumb Code    34  stm32f4xx_tim.o(i.TIM_GetITStatus)
    TIM_ITConfig                             0x08004469   Thumb Code    18  stm32f4xx_tim.o(i.TIM_ITConfig)
    TIM_OC1Init                              0x0800447d   Thumb Code   114  stm32f4xx_tim.o(i.TIM_OC1Init)
    TIM_OC1PreloadConfig                     0x080044f9   Thumb Code    18  stm32f4xx_tim.o(i.TIM_OC1PreloadConfig)
    TIM_OC4Init                              0x0800450d   Thumb Code   112  stm32f4xx_tim.o(i.TIM_OC4Init)
    TIM_OC4PreloadConfig                     0x08004585   Thumb Code    26  stm32f4xx_tim.o(i.TIM_OC4PreloadConfig)
    TIM_SetCompare4                          0x0800459f   Thumb Code     4  stm32f4xx_tim.o(i.TIM_SetCompare4)
    TIM_TimeBaseInit                         0x080045a5   Thumb Code   104  stm32f4xx_tim.o(i.TIM_TimeBaseInit)
    Task_Init                                0x08004629   Thumb Code     8  task_init.o(i.Task_Init)
    UART8_IRQHandler                         0x08004631   Thumb Code   124  dual_board.o(i.UART8_IRQHandler)
    USART1_IRQHandler                        0x080046b9   Thumb Code   124  dr16.o(i.USART1_IRQHandler)
    USART3_IRQHandler                        0x08004741   Thumb Code   124  nuc.o(i.USART3_IRQHandler)
    USART_ClearFlag                          0x080047c9   Thumb Code    18  stm32f4xx_usart.o(i.USART_ClearFlag)
    USART_Cmd                                0x080047db   Thumb Code    24  stm32f4xx_usart.o(i.USART_Cmd)
    USART_DMACmd                             0x080047f3   Thumb Code    18  stm32f4xx_usart.o(i.USART_DMACmd)
    USART_GetITStatus                        0x08004805   Thumb Code    84  stm32f4xx_usart.o(i.USART_GetITStatus)
    USART_ITConfig                           0x08004859   Thumb Code    74  stm32f4xx_usart.o(i.USART_ITConfig)
    USART_Init                               0x080048a5   Thumb Code   204  stm32f4xx_usart.o(i.USART_Init)
    USART_ReceiveData                        0x08004979   Thumb Code    10  stm32f4xx_usart.o(i.USART_ReceiveData)
    UsageFault_Handler                       0x08004983   Thumb Code     4  stm32f4xx_it.o(i.UsageFault_Handler)
    __ARM_fpclassify                         0x08004987   Thumb Code    48  fpclassify.o(i.__ARM_fpclassify)
    __hardfp_asin                            0x080049b9   Thumb Code   770  asin.o(i.__hardfp_asin)
    __hardfp_atan                            0x08004d19   Thumb Code   622  atan.o(i.__hardfp_atan)
    __hardfp_atan2                           0x08004ff1   Thumb Code   448  atan2.o(i.__hardfp_atan2)
    __hardfp_fabs                            0x080051f1   Thumb Code    20  fabs.o(i.__hardfp_fabs)
    __hardfp_sqrt                            0x08005205   Thumb Code   122  sqrt.o(i.__hardfp_sqrt)
    __kernel_poly                            0x0800527f   Thumb Code   248  poly.o(i.__kernel_poly)
    __mathlib_dbl_infnan                     0x08005377   Thumb Code    20  dunder.o(i.__mathlib_dbl_infnan)
    __mathlib_dbl_infnan2                    0x0800538b   Thumb Code    20  dunder.o(i.__mathlib_dbl_infnan2)
    __mathlib_dbl_invalid                    0x080053a1   Thumb Code    24  dunder.o(i.__mathlib_dbl_invalid)
    __mathlib_dbl_underflow                  0x080053c1   Thumb Code    24  dunder.o(i.__mathlib_dbl_underflow)
    atan                                     0x080053e1   Thumb Code    16  atan.o(i.atan)
    can_send_task                            0x080053fd   Thumb Code    50  can_send_task.o(i.can_send_task)
    can_send_task_create                     0x08005435   Thumb Code    26  can_send_task.o(i.can_send_task_create)
    delay_init                               0x08005469   Thumb Code    58  delay.o(i.delay_init)
    delay_ms                                 0x080054ad   Thumb Code    62  delay.o(i.delay_ms)
    delay_us                                 0x080054f1   Thumb Code    68  delay.o(i.delay_us)
    delay_xms                                0x08005539   Thumb Code    24  delay.o(i.delay_xms)
    fabs                                     0x08005551   Thumb Code    24  fabs.o(i.fabs)
    gimbal_task                              0x08005569   Thumb Code    80  gimbal_task.o(i.gimbal_task)
    gimbal_task_create                       0x080055c1   Thumb Code    24  gimbal_task.o(i.gimbal_task_create)
    imu_task                                 0x080055ed   Thumb Code    34  imu_task.o(i.imu_task)
    imu_task_create                          0x08005611   Thumb Code    26  imu_task.o(i.imu_task_create)
    inv_sqrt                                 0x08005641   Thumb Code    48  imu.o(i.inv_sqrt)
    led_task                                 0x08005675   Thumb Code    94  led_task.o(i.led_task)
    led_task_create                          0x080056dd   Thumb Code    24  led_task.o(i.led_task_create)
    main                                     0x08005709   Thumb Code    36  main.o(i.main)
    mode_task                                0x0800572d   Thumb Code    66  mode_task.o(i.mode_task)
    mode_task_create                         0x0800577d   Thumb Code    26  mode_task.o(i.mode_task_create)
    nuc_task                                 0x080057ad   Thumb Code    30  nuc_task.o(i.nuc_task)
    nuc_task_create                          0x080057cd   Thumb Code    26  nuc_task.o(i.nuc_task_create)
    pvPortMalloc                             0x080061b9   Thumb Code   296  heap_4.o(i.pvPortMalloc)
    pvTaskIncrementMutexHeldCount            0x080062f5   Thumb Code    26  tasks.o(i.pvTaskIncrementMutexHeldCount)
    pxPortInitialiseStack                    0x08006315   Thumb Code    38  port.o(i.pxPortInitialiseStack)
    shoot_task                               0x08006341   Thumb Code    74  shoot_task.o(i.shoot_task)
    shoot_task_create                        0x08006399   Thumb Code    26  shoot_task.o(i.shoot_task_create)
    sqrt                                     0x080063d5   Thumb Code   110  sqrt.o(i.sqrt)
    start_task                               0x08006445   Thumb Code    56  task_init.o(i.start_task)
    start_task_create                        0x08006485   Thumb Code    28  task_init.o(i.start_task_create)
    uxListRemove                             0x080064b5   Thumb Code    40  list.o(i.uxListRemove)
    uxTaskGetStackHighWaterMark              0x080064dd   Thumb Code    34  tasks.o(i.uxTaskGetStackHighWaterMark)
    uxTaskResetEventItemValue                0x08006505   Thumb Code    24  tasks.o(i.uxTaskResetEventItemValue)
    vListInitialise                          0x08006521   Thumb Code    26  list.o(i.vListInitialise)
    vListInitialiseItem                      0x0800653b   Thumb Code     6  list.o(i.vListInitialiseItem)
    vListInsert                              0x08006541   Thumb Code    52  list.o(i.vListInsert)
    vListInsertEnd                           0x08006575   Thumb Code    24  list.o(i.vListInsertEnd)
    vPortEnterCritical                       0x0800658d   Thumb Code    76  port.o(i.vPortEnterCritical)
    vPortExitCritical                        0x080065e1   Thumb Code    56  port.o(i.vPortExitCritical)
    vPortFree                                0x0800661d   Thumb Code   140  heap_4.o(i.vPortFree)
    vPortSetupTimerInterrupt                 0x080066b1   Thumb Code    26  port.o(i.vPortSetupTimerInterrupt)
    vPortValidateInterruptPriority           0x080066d1   Thumb Code   106  port.o(i.vPortValidateInterruptPriority)
    vQueueAddToRegistry                      0x08006749   Thumb Code    38  queue.o(i.vQueueAddToRegistry)
    vQueueWaitForMessageRestricted           0x08006775   Thumb Code    74  queue.o(i.vQueueWaitForMessageRestricted)
    vTaskDelay                               0x080067c1   Thumb Code    82  tasks.o(i.vTaskDelay)
    vTaskDelayUntil                          0x0800681d   Thumb Code   200  tasks.o(i.vTaskDelayUntil)
    vTaskDelete                              0x080068f1   Thumb Code   202  tasks.o(i.vTaskDelete)
    vTaskMissedYield                         0x080069e5   Thumb Code     8  tasks.o(i.vTaskMissedYield)
    vTaskPlaceOnEventList                    0x080069f1   Thumb Code    52  tasks.o(i.vTaskPlaceOnEventList)
    vTaskPlaceOnEventListRestricted          0x08006a29   Thumb Code    60  tasks.o(i.vTaskPlaceOnEventListRestricted)
    vTaskPlaceOnUnorderedEventList           0x08006a69   Thumb Code   100  tasks.o(i.vTaskPlaceOnUnorderedEventList)
    vTaskPriorityInherit                     0x08006ad5   Thumb Code   164  tasks.o(i.vTaskPriorityInherit)
    vTaskSetTimeOutState                     0x08006b85   Thumb Code    38  tasks.o(i.vTaskSetTimeOutState)
    vTaskStartScheduler                      0x08006bb5   Thumb Code   118  tasks.o(i.vTaskStartScheduler)
    vTaskSuspendAll                          0x08006c49   Thumb Code    12  tasks.o(i.vTaskSuspendAll)
    vTaskSwitchContext                       0x08006c59   Thumb Code   118  tasks.o(i.vTaskSwitchContext)
    xEventGroupCreate                        0x08006ce5   Thumb Code    26  event_groups.o(i.xEventGroupCreate)
    xEventGroupSetBits                       0x08006cff   Thumb Code   206  event_groups.o(i.xEventGroupSetBits)
    xEventGroupWaitBits                      0x08006dcd   Thumb Code   334  event_groups.o(i.xEventGroupWaitBits)
    xPortStartScheduler                      0x08006f21   Thumb Code   288  port.o(i.xPortStartScheduler)
    xPortSysTickHandler                      0x0800705d   Thumb Code    46  port.o(i.xPortSysTickHandler)
    xQueueGenericCreate                      0x08007091   Thumb Code    88  queue.o(i.xQueueGenericCreate)
    xQueueGenericReceive                     0x080070e9   Thumb Code   446  queue.o(i.xQueueGenericReceive)
    xQueueGenericReset                       0x080072ad   Thumb Code   146  queue.o(i.xQueueGenericReset)
    xQueueGenericSend                        0x08007345   Thumb Code   420  queue.o(i.xQueueGenericSend)
    xQueueGenericSendFromISR                 0x080074ed   Thumb Code   248  queue.o(i.xQueueGenericSendFromISR)
    xTaskCheckForTimeOut                     0x080075e5   Thumb Code   132  tasks.o(i.xTaskCheckForTimeOut)
    xTaskCreate                              0x08007671   Thumb Code    96  tasks.o(i.xTaskCreate)
    xTaskGetSchedulerState                   0x080076d1   Thumb Code    24  tasks.o(i.xTaskGetSchedulerState)
    xTaskGetTickCount                        0x080076f1   Thumb Code     6  tasks.o(i.xTaskGetTickCount)
    xTaskIncrementTick                       0x080076fd   Thumb Code   282  tasks.o(i.xTaskIncrementTick)
    xTaskPriorityDisinherit                  0x08007845   Thumb Code   188  tasks.o(i.xTaskPriorityDisinherit)
    xTaskRemoveFromEventList                 0x0800790d   Thumb Code   128  tasks.o(i.xTaskRemoveFromEventList)
    xTaskRemoveFromUnorderedEventList        0x080079a5   Thumb Code   154  tasks.o(i.xTaskRemoveFromUnorderedEventList)
    xTaskResumeAll                           0x08007a55   Thumb Code   224  tasks.o(i.xTaskResumeAll)
    xTimerCreateTimerTask                    0x08007b59   Thumb Code    66  timers.o(i.xTimerCreateTimerTask)
    xTimerGenericCommand                     0x08007bb1   Thumb Code   126  timers.o(i.xTimerGenericCommand)
    __aeabi_dneg                             0x08007c35   Thumb Code     0  basic.o(x$fpl$basic)
    _dneg                                    0x08007c35   Thumb Code     6  basic.o(x$fpl$basic)
    __aeabi_fneg                             0x08007c3b   Thumb Code     0  basic.o(x$fpl$basic)
    _fneg                                    0x08007c3b   Thumb Code     6  basic.o(x$fpl$basic)
    _dabs                                    0x08007c41   Thumb Code     6  basic.o(x$fpl$basic)
    _fabs                                    0x08007c47   Thumb Code     6  basic.o(x$fpl$basic)
    __aeabi_d2f                              0x08007c4d   Thumb Code     0  d2f.o(x$fpl$d2f)
    _d2f                                     0x08007c4d   Thumb Code    98  d2f.o(x$fpl$d2f)
    __aeabi_dadd                             0x08007cb1   Thumb Code     0  daddsub_clz.o(x$fpl$dadd)
    _dadd                                    0x08007cb1   Thumb Code   332  daddsub_clz.o(x$fpl$dadd)
    __fpl_dcmp_Inf                           0x08007e01   Thumb Code    24  dcmpi.o(x$fpl$dcmpinf)
    __aeabi_ddiv                             0x08007e19   Thumb Code     0  ddiv.o(x$fpl$ddiv)
    _ddiv                                    0x08007e19   Thumb Code   552  ddiv.o(x$fpl$ddiv)
    __aeabi_cdcmpeq                          0x080080c9   Thumb Code     0  deqf.o(x$fpl$deqf)
    _dcmpeq                                  0x080080c9   Thumb Code   120  deqf.o(x$fpl$deqf)
    __aeabi_cdcmple                          0x08008141   Thumb Code     0  dleqf.o(x$fpl$dleqf)
    _dcmple                                  0x08008141   Thumb Code   120  dleqf.o(x$fpl$dleqf)
    __fpl_dcmple_InfNaN                      0x080081a3   Thumb Code     0  dleqf.o(x$fpl$dleqf)
    __aeabi_dmul                             0x080081b9   Thumb Code     0  dmul.o(x$fpl$dmul)
    _dmul                                    0x080081b9   Thumb Code   332  dmul.o(x$fpl$dmul)
    __fpl_dnaninf                            0x0800830d   Thumb Code   156  dnaninf.o(x$fpl$dnaninf)
    __fpl_dretinf                            0x080083a9   Thumb Code    12  dretinf.o(x$fpl$dretinf)
    __aeabi_drsub                            0x080083b5   Thumb Code     0  daddsub_clz.o(x$fpl$drsb)
    _drsb                                    0x080083b5   Thumb Code    22  daddsub_clz.o(x$fpl$drsb)
    _dsqrt                                   0x080083cd   Thumb Code   404  dsqrt_umaal.o(x$fpl$dsqrt)
    __aeabi_dsub                             0x08008565   Thumb Code     0  daddsub_clz.o(x$fpl$dsub)
    _dsub                                    0x08008565   Thumb Code   464  daddsub_clz.o(x$fpl$dsub)
    __aeabi_f2d                              0x08008739   Thumb Code     0  f2d.o(x$fpl$f2d)
    _f2d                                     0x08008739   Thumb Code    86  f2d.o(x$fpl$f2d)
    __fpl_fnaninf                            0x0800878f   Thumb Code   140  fnaninf.o(x$fpl$fnaninf)
    _fp_init                                 0x0800881b   Thumb Code    10  fpinit.o(x$fpl$fpinit)
    __fplib_config_fpu_vfp                   0x08008823   Thumb Code     0  fpinit.o(x$fpl$fpinit)
    __fplib_config_pureend_doubles           0x08008823   Thumb Code     0  fpinit.o(x$fpl$fpinit)
    __fpl_fretinf                            0x08008825   Thumb Code    10  fretinf.o(x$fpl$fretinf)
    __I$use$fp                               0x0800882e   Number         0  usenofp.o(x$fpl$usenofp)
    __mathlib_zero                           0x08008928   Data           8  qnan.o(.constdata)
    Region$$Table$$Base                      0x08008930   Number         0  anon$$obj.o(Region$$Table)
    Region$$Table$$Limit                     0x08008950   Number         0  anon$$obj.o(Region$$Table)
    SystemCoreClock                          0x20000000   Data           4  system_stm32f4xx.o(.data)
    AHBPrescTable                            0x20000004   Data          16  system_stm32f4xx.o(.data)
    CAN1_Tx_Message_Flag                     0x20000014   Data           1  can_handle.o(.data)
    CAN2_Tx_Message_Flag                     0x20000015   Data           1  can_handle.o(.data)
    DR16_Signal                              0x20000018   Data           4  dr16.o(.data)
    q0                                       0x2000001c   Data           4  imu.o(.data)
    q1                                       0x20000020   Data           4  imu.o(.data)
    q2                                       0x20000024   Data           4  imu.o(.data)
    q3                                       0x20000028   Data           4  imu.o(.data)
    exInt                                    0x2000002c   Data           4  imu.o(.data)
    eyInt                                    0x20000030   Data           4  imu.o(.data)
    ezInt                                    0x20000034   Data           4  imu.o(.data)
    last_update                              0x2000005c   Data           4  imu.o(.data)
    now_update                               0x20000060   Data           4  imu.o(.data)
    ist_buff                                 0x20000074   Data           6  imu.o(.data)
    Yaw_Angle_NUC                            0x2000007c   Data           4  nuc.o(.data)
    Pitch_Angle_NUC                          0x20000080   Data           4  nuc.o(.data)
    Yaw_Speed_NUC                            0x20000084   Data           4  nuc.o(.data)
    Pitch_Speed_NUC                          0x20000088   Data           4  nuc.o(.data)
    imu_tick_counts                          0x2000008c   Data           4  tim6.o(.data)
    Yaw_Angle                                0x20000090   Data           4  tim6.o(.data)
    g_z                                      0x20000094   Data           4  tim6.o(.data)
    pxCurrentTCB                             0x200000ac   Data           4  tasks.o(.data)
    CAN_SEND_Task_Handler                    0x20000120   Data           4  can_send_task.o(.data)
    GIMBAL_Task_Handler                      0x20000124   Data           4  gimbal_task.o(.data)
    Gimbal_Mode                              0x20000128   Data           1  gimbal_task.o(.data)
    Yaw_Aim_Angle                            0x2000012c   Data           4  gimbal_task.o(.data)
    Pitch_Aim_Angle                          0x20000130   Data           4  gimbal_task.o(.data)
    Pitch_Angle_Max                          0x20000134   Data           4  gimbal_task.o(.data)
    Pitch_Angle_Min                          0x20000138   Data           4  gimbal_task.o(.data)
    Pitch_Speed                              0x2000013c   Data           4  gimbal_task.o(.data)
    Yaw_Speed                                0x20000140   Data           4  gimbal_task.o(.data)
    IMU_Task_Handler                         0x20000144   Data           4  imu_task.o(.data)
    LED_Task_Handler                         0x20000148   Data           4  led_task.o(.data)
    MODE_Task_Handler                        0x2000014c   Data           4  mode_task.o(.data)
    Cover_Open_Flag                          0x20000150   Data           4  mode_task.o(.data)
    Shoot_Run_Flag                           0x20000154   Data           4  mode_task.o(.data)
    Chassis_Rotate_Flag                      0x20000158   Data           4  mode_task.o(.data)
    Shoot_Ready_Flag                         0x2000015c   Data           4  mode_task.o(.data)
    Cover_Ready_Flag                         0x20000160   Data           4  mode_task.o(.data)
    cover_value                              0x20000164   Data           4  mode_task.o(.data)
    NUC_Task_Handler                         0x20000168   Data           4  nuc_task.o(.data)
    Shoot_Mode                               0x2000016c   Data           1  shoot_task.o(.data)
    SHOOT_Task_Handler                       0x20000170   Data           4  shoot_task.o(.data)
    freq                                     0x20000174   Data           4  shoot_task.o(.data)
    imu_stack_surplus                        0x20000178   Data           4  shoot_task.o(.data)
    Cover_Mode                               0x2000017c   Data           1  shoot_task.o(.data)
    Cover_Value                              0x20000180   Data           4  shoot_task.o(.data)
    StartTask_Handler                        0x20000188   Data           4  task_init.o(.data)
    EventGroupHandler                        0x2000018c   Data           4  task_init.o(.data)
    CAN_Chassis                              0x20000190   Data          64  can_handle.o(.bss)
    CAN_Gimbal                               0x200001d0   Data          32  can_handle.o(.bss)
    CAN_Shoot                                0x200001f0   Data          32  can_handle.o(.bss)
    CAN_Trigger                              0x20000210   Data          16  can_handle.o(.bss)
    DBUS                                     0x20000244   Data          58  dr16.o(.bss)
    mpu_buff                                 0x20000280   Data          14  imu.o(.bss)
    mpu_data                                 0x2000028e   Data          32  imu.o(.bss)
    imu                                      0x200002b0   Data          52  imu.o(.bss)
    PID_Chassis                              0x200002e4   Data         320  pid.o(.bss)
    PID_Gimbal_Angle                         0x20000424   Data         160  pid.o(.bss)
    PID_Gimbal_Speed                         0x200004c4   Data         160  pid.o(.bss)
    PID_Chassis_Omega                        0x20000564   Data          80  pid.o(.bss)
    PID_Shoot                                0x200005b4   Data         160  pid.o(.bss)
    PID_Trigger                              0x20000654   Data          80  pid.o(.bss)
    NUC_rx_buff                              0x200006a4   Data          20  nuc.o(.bss)
    NUC_tx_buff                              0x200006b8   Data          23  nuc.o(.bss)
    NUC_Data                                 0x200006d0   Data          20  nuc.o(.bss)
    Dual_Board_rx_buff                       0x200006e4   Data          34  dual_board.o(.bss)
    Dual_Board_tx_buff                       0x20000706   Data          10  dual_board.o(.bss)
    Up_To_Down_Data                          0x20000710   Data          18  dual_board.o(.bss)
    Down_To_Up_Data                          0x20000722   Data          12  dual_board.o(.bss)
    xQueueRegistry                           0x20000730   Data          64  queue.o(.bss)
    __libspace_start                         0x20013460   Data          96  libspace.o(.bss)
    __temporary_stack_top$libspace           0x200134c0   Data           0  libspace.o(.bss)



==============================================================================

Memory Map of the image

  Image Entry point : 0x080001ad

  Load Region LR_IROM1 (Base: 0x08000000, Size: 0x00008ae0, Max: 0x00200000, ABSOLUTE, COMPRESSED[0x0000898c])

    Execution Region ER_IROM1 (Exec base: 0x08000000, Load base: 0x08000000, Size: 0x00008950, Max: 0x00200000, ABSOLUTE)

    Exec Addr    Load Addr    Size         Type   Attr      Idx    E Section Name        Object

    0x08000000   0x08000000   0x000001ac   Data   RO         3475    RESET               startup_stm32f427xx.o
    0x080001ac   0x080001ac   0x00000008   Code   RO         4758  * !!!main             c_w.l(__main.o)
    0x080001b4   0x080001b4   0x00000034   Code   RO         5044    !!!scatter          c_w.l(__scatter.o)
    0x080001e8   0x080001e8   0x0000005a   Code   RO         5042    !!dczerorl2         c_w.l(__dczerorl2.o)
    0x08000242   0x08000242   0x00000002   PAD
    0x08000244   0x08000244   0x0000001c   Code   RO         5046    !!handler_zi        c_w.l(__scatter_zi.o)
    0x08000260   0x08000260   0x00000002   Code   RO         4913    .ARM.Collect$$libinit$$00000000  c_w.l(libinit.o)
    0x08000262   0x08000262   0x00000004   Code   RO         4916    .ARM.Collect$$libinit$$00000001  c_w.l(libinit2.o)
    0x08000266   0x08000266   0x00000000   Code   RO         4919    .ARM.Collect$$libinit$$00000004  c_w.l(libinit2.o)
    0x08000266   0x08000266   0x00000000   Code   RO         4922    .ARM.Collect$$libinit$$0000000A  c_w.l(libinit2.o)
    0x08000266   0x08000266   0x00000000   Code   RO         4924    .ARM.Collect$$libinit$$0000000C  c_w.l(libinit2.o)
    0x08000266   0x08000266   0x00000000   Code   RO         4926    .ARM.Collect$$libinit$$0000000E  c_w.l(libinit2.o)
    0x08000266   0x08000266   0x00000000   Code   RO         4929    .ARM.Collect$$libinit$$00000011  c_w.l(libinit2.o)
    0x08000266   0x08000266   0x00000000   Code   RO         4931    .ARM.Collect$$libinit$$00000013  c_w.l(libinit2.o)
    0x08000266   0x08000266   0x00000000   Code   RO         4933    .ARM.Collect$$libinit$$00000015  c_w.l(libinit2.o)
    0x08000266   0x08000266   0x00000000   Code   RO         4935    .ARM.Collect$$libinit$$00000017  c_w.l(libinit2.o)
    0x08000266   0x08000266   0x00000000   Code   RO         4937    .ARM.Collect$$libinit$$00000019  c_w.l(libinit2.o)
    0x08000266   0x08000266   0x00000000   Code   RO         4939    .ARM.Collect$$libinit$$0000001B  c_w.l(libinit2.o)
    0x08000266   0x08000266   0x00000000   Code   RO         4941    .ARM.Collect$$libinit$$0000001D  c_w.l(libinit2.o)
    0x08000266   0x08000266   0x00000000   Code   RO         4943    .ARM.Collect$$libinit$$0000001F  c_w.l(libinit2.o)
    0x08000266   0x08000266   0x00000000   Code   RO         4945    .ARM.Collect$$libinit$$00000021  c_w.l(libinit2.o)
    0x08000266   0x08000266   0x00000000   Code   RO         4947    .ARM.Collect$$libinit$$00000023  c_w.l(libinit2.o)
    0x08000266   0x08000266   0x00000000   Code   RO         4949    .ARM.Collect$$libinit$$00000025  c_w.l(libinit2.o)
    0x08000266   0x08000266   0x00000000   Code   RO         4953    .ARM.Collect$$libinit$$0000002C  c_w.l(libinit2.o)
    0x08000266   0x08000266   0x00000000   Code   RO         4955    .ARM.Collect$$libinit$$0000002E  c_w.l(libinit2.o)
    0x08000266   0x08000266   0x00000000   Code   RO         4957    .ARM.Collect$$libinit$$00000030  c_w.l(libinit2.o)
    0x08000266   0x08000266   0x00000000   Code   RO         4959    .ARM.Collect$$libinit$$00000032  c_w.l(libinit2.o)
    0x08000266   0x08000266   0x00000002   Code   RO         4960    .ARM.Collect$$libinit$$00000033  c_w.l(libinit2.o)
    0x08000268   0x08000268   0x00000002   Code   RO         4980    .ARM.Collect$$libshutdown$$00000000  c_w.l(libshutdown.o)
    0x0800026a   0x0800026a   0x00000000   Code   RO         4993    .ARM.Collect$$libshutdown$$00000002  c_w.l(libshutdown2.o)
    0x0800026a   0x0800026a   0x00000000   Code   RO         4995    .ARM.Collect$$libshutdown$$00000004  c_w.l(libshutdown2.o)
    0x0800026a   0x0800026a   0x00000000   Code   RO         4997    .ARM.Collect$$libshutdown$$00000006  c_w.l(libshutdown2.o)
    0x0800026a   0x0800026a   0x00000000   Code   RO         5000    .ARM.Collect$$libshutdown$$00000009  c_w.l(libshutdown2.o)
    0x0800026a   0x0800026a   0x00000000   Code   RO         5003    .ARM.Collect$$libshutdown$$0000000C  c_w.l(libshutdown2.o)
    0x0800026a   0x0800026a   0x00000000   Code   RO         5005    .ARM.Collect$$libshutdown$$0000000E  c_w.l(libshutdown2.o)
    0x0800026a   0x0800026a   0x00000000   Code   RO         5008    .ARM.Collect$$libshutdown$$00000011  c_w.l(libshutdown2.o)
    0x0800026a   0x0800026a   0x00000002   Code   RO         5009    .ARM.Collect$$libshutdown$$00000012  c_w.l(libshutdown2.o)
    0x0800026c   0x0800026c   0x00000000   Code   RO         4812    .ARM.Collect$$rtentry$$00000000  c_w.l(__rtentry.o)
    0x0800026c   0x0800026c   0x00000000   Code   RO         4880    .ARM.Collect$$rtentry$$00000002  c_w.l(__rtentry2.o)
    0x0800026c   0x0800026c   0x00000006   Code   RO         4892    .ARM.Collect$$rtentry$$00000004  c_w.l(__rtentry4.o)
    0x08000272   0x08000272   0x00000000   Code   RO         4882    .ARM.Collect$$rtentry$$00000009  c_w.l(__rtentry2.o)
    0x08000272   0x08000272   0x00000004   Code   RO         4883    .ARM.Collect$$rtentry$$0000000A  c_w.l(__rtentry2.o)
    0x08000276   0x08000276   0x00000000   Code   RO         4885    .ARM.Collect$$rtentry$$0000000C  c_w.l(__rtentry2.o)
    0x08000276   0x08000276   0x00000008   Code   RO         4886    .ARM.Collect$$rtentry$$0000000D  c_w.l(__rtentry2.o)
    0x0800027e   0x0800027e   0x00000002   Code   RO         4914    .ARM.Collect$$rtexit$$00000000  c_w.l(rtexit.o)
    0x08000280   0x08000280   0x00000000   Code   RO         4962    .ARM.Collect$$rtexit$$00000002  c_w.l(rtexit2.o)
    0x08000280   0x08000280   0x00000004   Code   RO         4963    .ARM.Collect$$rtexit$$00000003  c_w.l(rtexit2.o)
    0x08000284   0x08000284   0x00000006   Code   RO         4964    .ARM.Collect$$rtexit$$00000004  c_w.l(rtexit2.o)
    0x0800028a   0x0800028a   0x00000002   PAD
    0x0800028c   0x0800028c   0x000000b6   Code   RO         4369    .emb_text           port.o
    0x08000342   0x08000342   0x00000002   PAD
    0x08000344   0x08000344   0x00000040   Code   RO         3476    .text               startup_stm32f427xx.o
    0x08000384   0x08000384   0x0000008a   Code   RO         4752    .text               c_w.l(rt_memcpy_v6.o)
    0x0800040e   0x0800040e   0x00000010   Code   RO         4754    .text               c_w.l(aeabi_memset.o)
    0x0800041e   0x0800041e   0x00000006   Code   RO         4756    .text               c_w.l(heapauxi.o)
    0x08000424   0x08000424   0x00000016   Code   RO         4813    .text               c_w.l(_rserrno.o)
    0x0800043a   0x0800043a   0x00000064   Code   RO         4815    .text               c_w.l(rt_memcpy_w.o)
    0x0800049e   0x0800049e   0x00000044   Code   RO         4817    .text               c_w.l(rt_memclr.o)
    0x080004e2   0x080004e2   0x00000002   PAD
    0x080004e4   0x080004e4   0x00000008   Code   RO         4897    .text               c_w.l(rt_errno_addr_intlibspace.o)
    0x080004ec   0x080004ec   0x0000004e   Code   RO         4899    .text               c_w.l(rt_memclr_w.o)
    0x0800053a   0x0800053a   0x00000002   PAD
    0x0800053c   0x0800053c   0x00000008   Code   RO         4901    .text               c_w.l(libspace.o)
    0x08000544   0x08000544   0x0000004a   Code   RO         4904    .text               c_w.l(sys_stackheap_outer.o)
    0x0800058e   0x0800058e   0x00000012   Code   RO         4906    .text               c_w.l(exit.o)
    0x080005a0   0x080005a0   0x0000000c   Code   RO         4972    .text               c_w.l(sys_exit.o)
    0x080005ac   0x080005ac   0x00000002   Code   RO         4983    .text               c_w.l(use_no_semi.o)
    0x080005ae   0x080005ae   0x00000000   Code   RO         4985    .text               c_w.l(indicate_semi.o)
    0x080005ae   0x080005ae   0x0000003c   Code   RO            3    i.BSP_Init          main.o
    0x080005ea   0x080005ea   0x00000002   PAD
    0x080005ec   0x080005ec   0x00000010   Code   RO          521    i.Beep_Ctrl         beep.o
    0x080005fc   0x080005fc   0x000000a0   Code   RO          522    i.Beep_Init         beep.o
    0x0800069c   0x0800069c   0x00000004   Code   RO          324    i.BusFault_Handler  stm32f4xx_it.o
    0x080006a0   0x080006a0   0x0000000c   Code   RO          550    i.CAN12_Init        can.o
    0x080006ac   0x080006ac   0x0000011c   Code   RO          551    i.CAN1_Init         can.o
    0x080007c8   0x080007c8   0x00000090   Code   RO          582    i.CAN1_RX0_IRQHandler  can_handle.o
    0x08000858   0x08000858   0x00000078   Code   RO          584    i.CAN1_TX_Gimbal    can_handle.o
    0x080008d0   0x080008d0   0x00000024   Code   RO          585    i.CAN1_TX_IRQHandler  can_handle.o
    0x080008f4   0x080008f4   0x00000078   Code   RO          586    i.CAN1_TX_Shoot     can_handle.o
    0x0800096c   0x0800096c   0x0000012c   Code   RO          552    i.CAN2_Init         can.o
    0x08000a98   0x08000a98   0x00000044   Code   RO          587    i.CAN2_RX0_IRQHandler  can_handle.o
    0x08000adc   0x08000adc   0x00000024   Code   RO          588    i.CAN2_TX_IRQHandler  can_handle.o
    0x08000b00   0x08000b00   0x000000a8   Code   RO         1655    i.CAN_ClearITPendingBit  stm32f4xx_can.o
    0x08000ba8   0x08000ba8   0x00000050   Code   RO          589    i.CAN_Data_Decode   can_handle.o
    0x08000bf8   0x08000bf8   0x00000038   Code   RO         1657    i.CAN_DeInit        stm32f4xx_can.o
    0x08000c30   0x08000c30   0x00000108   Code   RO         1659    i.CAN_FilterInit    stm32f4xx_can.o
    0x08000d38   0x08000d38   0x00000120   Code   RO         1661    i.CAN_GetITStatus   stm32f4xx_can.o
    0x08000e58   0x08000e58   0x00000012   Code   RO         1665    i.CAN_ITConfig      stm32f4xx_can.o
    0x08000e6a   0x08000e6a   0x00000114   Code   RO         1666    i.CAN_Init          stm32f4xx_can.o
    0x08000f7e   0x08000f7e   0x000000f0   Code   RO         1669    i.CAN_Receive       stm32f4xx_can.o
    0x0800106e   0x0800106e   0x00000020   Code   RO         1672    i.CAN_StructInit    stm32f4xx_can.o
    0x0800108e   0x0800108e   0x00000126   Code   RO         1674    i.CAN_Transmit      stm32f4xx_can.o
    0x080011b4   0x080011b4   0x00000012   Code   RO         1677    i.CheckITStatus     stm32f4xx_can.o
    0x080011c6   0x080011c6   0x00000002   PAD
    0x080011c8   0x080011c8   0x00000018   Code   RO          651    i.Cover_Init        cover.o
    0x080011e0   0x080011e0   0x000000a4   Code   RO          652    i.Cover_PWM_Init    cover.o
    0x08001284   0x08001284   0x00000030   Code   RO         1515    i.DMA1_Stream0_IRQHandler  dual_board.o
    0x080012b4   0x080012b4   0x00000030   Code   RO         1286    i.DMA1_Stream3_IRQHandler  nuc.o
    0x080012e4   0x080012e4   0x00000034   Code   RO         1817    i.DMA_ClearITPendingBit  stm32f4xx_dma.o
    0x08001318   0x08001318   0x00000016   Code   RO         1818    i.DMA_Cmd           stm32f4xx_dma.o
    0x0800132e   0x0800132e   0x00000002   PAD
    0x08001330   0x08001330   0x00000158   Code   RO         1819    i.DMA_DeInit        stm32f4xx_dma.o
    0x08001488   0x08001488   0x00000016   Code   RO         1820    i.DMA_DoubleBufferModeCmd  stm32f4xx_dma.o
    0x0800149e   0x0800149e   0x00000018   Code   RO         1821    i.DMA_DoubleBufferModeConfig  stm32f4xx_dma.o
    0x080014b6   0x080014b6   0x00000008   Code   RO         1824    i.DMA_GetCurrDataCounter  stm32f4xx_dma.o
    0x080014be   0x080014be   0x00000014   Code   RO         1825    i.DMA_GetCurrentMemoryTarget  stm32f4xx_dma.o
    0x080014d2   0x080014d2   0x00000002   PAD
    0x080014d4   0x080014d4   0x00000064   Code   RO         1828    i.DMA_GetITStatus   stm32f4xx_dma.o
    0x08001538   0x08001538   0x0000003a   Code   RO         1829    i.DMA_ITConfig      stm32f4xx_dma.o
    0x08001572   0x08001572   0x00000002   PAD
    0x08001574   0x08001574   0x00000058   Code   RO         1830    i.DMA_Init          stm32f4xx_dma.o
    0x080015cc   0x080015cc   0x00000004   Code   RO         1833    i.DMA_SetCurrDataCounter  stm32f4xx_dma.o
    0x080015d0   0x080015d0   0x000000c4   Code   RO          677    i.DR16_DataDecode   dr16.o
    0x08001694   0x08001694   0x00000010   Code   RO          678    i.DR16_Init         dr16.o
    0x080016a4   0x080016a4   0x00000090   Code   RO          679    i.DR16_USART_DMA_Init  dr16.o
    0x08001734   0x08001734   0x00000098   Code   RO          680    i.DR16_USART_Init   dr16.o
    0x080017cc   0x080017cc   0x00000022   Code   RO          681    i.DR16_USART_NVIC_Init  dr16.o
    0x080017ee   0x080017ee   0x00000002   Code   RO          325    i.DebugMon_Handler  stm32f4xx_it.o
    0x080017f0   0x080017f0   0x00000064   Code   RO         1516    i.Dual_Board_Data_Decode  dual_board.o
    0x08001854   0x08001854   0x00000010   Code   RO         1517    i.Dual_Board_Init   dual_board.o
    0x08001864   0x08001864   0x00000044   Code   RO         1518    i.Dual_Board_Send_Data  dual_board.o
    0x080018a8   0x080018a8   0x000000f0   Code   RO         1519    i.Dual_Board_USART_DMA_Init  dual_board.o
    0x08001998   0x08001998   0x00000098   Code   RO         1520    i.Dual_Board_USART_Init  dual_board.o
    0x08001a30   0x08001a30   0x00000040   Code   RO         1521    i.Dual_Board_USART_NVIC_Init  dual_board.o
    0x08001a70   0x08001a70   0x00000014   Code   RO         1032    i.EXTI9_5_IRQHandler  imu.o
    0x08001a84   0x08001a84   0x0000000c   Code   RO         1945    i.EXTI_ClearITPendingBit  stm32f4xx_exti.o
    0x08001a90   0x08001a90   0x00000018   Code   RO         1949    i.EXTI_GetITStatus  stm32f4xx_exti.o
    0x08001aa8   0x08001aa8   0x00000094   Code   RO         1950    i.EXTI_Init         stm32f4xx_exti.o
    0x08001b3c   0x08001b3c   0x0000001e   Code   RO          734    i.Encoder_Data_Process  gimbal.o
    0x08001b5a   0x08001b5a   0x00000090   Code   RO         2007    i.GPIO_Init         stm32f4xx_gpio.o
    0x08001bea   0x08001bea   0x00000046   Code   RO         2008    i.GPIO_PinAFConfig  stm32f4xx_gpio.o
    0x08001c30   0x08001c30   0x00000004   Code   RO         2014    i.GPIO_ResetBits    stm32f4xx_gpio.o
    0x08001c34   0x08001c34   0x00000004   Code   RO         2015    i.GPIO_SetBits      stm32f4xx_gpio.o
    0x08001c38   0x08001c38   0x00000008   Code   RO         2017    i.GPIO_ToggleBits   stm32f4xx_gpio.o
    0x08001c40   0x08001c40   0x0000000a   Code   RO         2019    i.GPIO_WriteBit     stm32f4xx_gpio.o
    0x08001c4a   0x08001c4a   0x00000002   PAD
    0x08001c4c   0x08001c4c   0x000000ac   Code   RO         4589    i.Get_Cover_Mode    mode_task.o
    0x08001cf8   0x08001cf8   0x00000028   Code   RO         4666    i.Get_Freq          shoot_task.o
    0x08001d20   0x08001d20   0x00000064   Code   RO         4590    i.Get_Gimbal_Mode   mode_task.o
    0x08001d84   0x08001d84   0x00000078   Code   RO         4591    i.Get_Shoot_Mode    mode_task.o
    0x08001dfc   0x08001dfc   0x000001e4   Code   RO         4477    i.Gimbal_AutoAim_Control  gimbal_task.o
    0x08001fe0   0x08001fe0   0x0000016c   Code   RO         4478    i.Gimbal_Follow_Control  gimbal_task.o
    0x0800214c   0x0800214c   0x00000144   Code   RO          735    i.Gimbal_Init       gimbal.o
    0x08002290   0x08002290   0x0000011c   Code   RO         4479    i.Gimbal_Keep_Control  gimbal_task.o
    0x080023ac   0x080023ac   0x00000014   Code   RO         4480    i.Gimbal_Stop_Control  gimbal_task.o
    0x080023c0   0x080023c0   0x00000004   Code   RO          326    i.HardFault_Handler  stm32f4xx_it.o
    0x080023c4   0x080023c4   0x00000770   Code   RO         1033    i.IMU_Ahrs_Update   imu.o
    0x08002b34   0x08002b34   0x00000208   Code   RO         1034    i.IMU_Attitude_Update  imu.o
    0x08002d3c   0x08002d3c   0x00000170   Code   RO         1036    i.IMU_Get_Data      imu.o
    0x08002eac   0x08002eac   0x00000014   Code   RO         1037    i.IMU_Init          imu.o
    0x08002ec0   0x08002ec0   0x00000084   Code   RO         1038    i.IMU_Interrupt_Init  imu.o
    0x08002f44   0x08002f44   0x00000070   Code   RO         1222    i.LED_Init          led.o
    0x08002fb4   0x08002fb4   0x0000003c   Code   RO         1196    i.Laser_Init        laser.o
    0x08002ff0   0x08002ff0   0x00000060   Code   RO         1043    i.MPU_Device_Init   imu.o
    0x08003050   0x08003050   0x00000130   Code   RO         1045    i.MPU_Offset_Cali   imu.o
    0x08003180   0x08003180   0x00000030   Code   RO         1046    i.MPU_Read_Byte     imu.o
    0x080031b0   0x080031b0   0x00000044   Code   RO         1047    i.MPU_Read_Bytes    imu.o
    0x080031f4   0x080031f4   0x00000030   Code   RO         1050    i.MPU_Write_Byte    imu.o
    0x08003224   0x08003224   0x00000004   Code   RO          327    i.MemManage_Handler  stm32f4xx_it.o
    0x08003228   0x08003228   0x00000002   Code   RO          328    i.NMI_Handler       stm32f4xx_it.o
    0x0800322a   0x0800322a   0x00000002   PAD
    0x0800322c   0x0800322c   0x00000084   Code   RO         1287    i.NUC_Data_Decode   nuc.o
    0x080032b0   0x080032b0   0x00000010   Code   RO         1288    i.NUC_Init          nuc.o
    0x080032c0   0x080032c0   0x00000204   Code   RO         1289    i.NUC_Send_Data     nuc.o
    0x080034c4   0x080034c4   0x000000f0   Code   RO         1290    i.NUC_USART_DMA_Init  nuc.o
    0x080035b4   0x080035b4   0x00000098   Code   RO         1291    i.NUC_USART_Init    nuc.o
    0x0800364c   0x0800364c   0x00000040   Code   RO         1292    i.NUC_USART_NVIC_Init  nuc.o
    0x0800368c   0x0800368c   0x00000078   Code   RO         1583    i.NVIC_Init         misc.o
    0x08003704   0x08003704   0x00000014   Code   RO         1584    i.NVIC_PriorityGroupConfig  misc.o
    0x08003718   0x08003718   0x000001e0   Code   RO         1248    i.Pid_Calc          pid.o
    0x080038f8   0x080038f8   0x000000a0   Code   RO         1249    i.Pid_Reset         pid.o
    0x08003998   0x08003998   0x0000002e   Code   RO         1250    i.Pid_Set           pid.o
    0x080039c6   0x080039c6   0x00000002   PAD
    0x080039c8   0x080039c8   0x00000038   Code   RO         1363    i.Power_Init        power.o
    0x08003a00   0x08003a00   0x0000022c   Code   RO         1051    i.Quaternion_Init   imu.o
    0x08003c2c   0x08003c2c   0x00000020   Code   RO         2104    i.RCC_AHB1PeriphClockCmd  stm32f4xx_rcc.o
    0x08003c4c   0x08003c4c   0x00000020   Code   RO         2113    i.RCC_APB1PeriphClockCmd  stm32f4xx_rcc.o
    0x08003c6c   0x08003c6c   0x00000020   Code   RO         2115    i.RCC_APB1PeriphResetCmd  stm32f4xx_rcc.o
    0x08003c8c   0x08003c8c   0x00000020   Code   RO         2116    i.RCC_APB2PeriphClockCmd  stm32f4xx_rcc.o
    0x08003cac   0x08003cac   0x00000020   Code   RO         2118    i.RCC_APB2PeriphResetCmd  stm32f4xx_rcc.o
    0x08003ccc   0x08003ccc   0x000000e8   Code   RO         2125    i.RCC_GetClocksFreq  stm32f4xx_rcc.o
    0x08003db4   0x08003db4   0x00000018   Code   RO         2444    i.SPI_Cmd           stm32f4xx_spi.o
    0x08003dcc   0x08003dcc   0x00000012   Code   RO         2452    i.SPI_I2S_GetFlagStatus  stm32f4xx_spi.o
    0x08003dde   0x08003dde   0x00000006   Code   RO         2455    i.SPI_I2S_ReceiveData  stm32f4xx_spi.o
    0x08003de4   0x08003de4   0x00000004   Code   RO         2456    i.SPI_I2S_SendData  stm32f4xx_spi.o
    0x08003de8   0x08003de8   0x000000dc   Code   RO         1457    i.SPI_IMU_Init      spi.o
    0x08003ec4   0x08003ec4   0x0000003c   Code   RO         2457    i.SPI_Init          stm32f4xx_spi.o
    0x08003f00   0x08003f00   0x00000038   Code   RO         1458    i.SPI_ReadWriteByte  spi.o
    0x08003f38   0x08003f38   0x00000040   Code   RO         2605    i.SYSCFG_EXTILineConfig  stm32f4xx_syscfg.o
    0x08003f78   0x08003f78   0x00000120   Code   RO          484    i.SetSysClock       system_stm32f4xx.o
    0x08004098   0x08004098   0x000000c0   Code   RO         1437    i.Shoot_Init        shoot.o
    0x08004158   0x08004158   0x000000b8   Code   RO         4667    i.Shoot_Run_Control  shoot_task.o
    0x08004210   0x08004210   0x00000070   Code   RO         4668    i.Shoot_Stop_Control  shoot_task.o
    0x08004280   0x08004280   0x00000028   Code   RO         1587    i.SysTick_CLKSourceConfig  misc.o
    0x080042a8   0x080042a8   0x00000010   Code   RO         3408    i.SysTick_Handler   delay.o
    0x080042b8   0x080042b8   0x00000068   Code   RO          486    i.SystemInit        system_stm32f4xx.o
    0x08004320   0x08004320   0x00000094   Code   RO         1483    i.TIM6_DAC_IRQHandler  tim6.o
    0x080043b4   0x080043b4   0x0000005c   Code   RO         1484    i.TIM6_Init         tim6.o
    0x08004410   0x08004410   0x00000018   Code   RO         2662    i.TIM_ARRPreloadConfig  stm32f4xx_tim.o
    0x08004428   0x08004428   0x00000006   Code   RO         2669    i.TIM_ClearITPendingBit  stm32f4xx_tim.o
    0x0800442e   0x0800442e   0x00000018   Code   RO         2674    i.TIM_Cmd           stm32f4xx_tim.o
    0x08004446   0x08004446   0x00000022   Code   RO         2695    i.TIM_GetITStatus   stm32f4xx_tim.o
    0x08004468   0x08004468   0x00000012   Code   RO         2699    i.TIM_ITConfig      stm32f4xx_tim.o
    0x0800447a   0x0800447a   0x00000002   PAD
    0x0800447c   0x0800447c   0x0000007c   Code   RO         2703    i.TIM_OC1Init       stm32f4xx_tim.o
    0x080044f8   0x080044f8   0x00000012   Code   RO         2706    i.TIM_OC1PreloadConfig  stm32f4xx_tim.o
    0x0800450a   0x0800450a   0x00000002   PAD
    0x0800450c   0x0800450c   0x00000078   Code   RO         2718    i.TIM_OC4Init       stm32f4xx_tim.o
    0x08004584   0x08004584   0x0000001a   Code   RO         2720    i.TIM_OC4PreloadConfig  stm32f4xx_tim.o
    0x0800459e   0x0800459e   0x00000004   Code   RO         2739    i.TIM_SetCompare4   stm32f4xx_tim.o
    0x080045a2   0x080045a2   0x00000002   PAD
    0x080045a4   0x080045a4   0x00000084   Code   RO         2746    i.TIM_TimeBaseInit  stm32f4xx_tim.o
    0x08004628   0x08004628   0x00000008   Code   RO         4714    i.Task_Init         task_init.o
    0x08004630   0x08004630   0x00000088   Code   RO         1522    i.UART8_IRQHandler  dual_board.o
    0x080046b8   0x080046b8   0x00000088   Code   RO          682    i.USART1_IRQHandler  dr16.o
    0x08004740   0x08004740   0x00000088   Code   RO         1293    i.USART3_IRQHandler  nuc.o
    0x080047c8   0x080047c8   0x00000012   Code   RO         3220    i.USART_ClearFlag   stm32f4xx_usart.o
    0x080047da   0x080047da   0x00000018   Code   RO         3224    i.USART_Cmd         stm32f4xx_usart.o
    0x080047f2   0x080047f2   0x00000012   Code   RO         3225    i.USART_DMACmd      stm32f4xx_usart.o
    0x08004804   0x08004804   0x00000054   Code   RO         3228    i.USART_GetITStatus  stm32f4xx_usart.o
    0x08004858   0x08004858   0x0000004a   Code   RO         3230    i.USART_ITConfig    stm32f4xx_usart.o
    0x080048a2   0x080048a2   0x00000002   PAD
    0x080048a4   0x080048a4   0x000000d4   Code   RO         3231    i.USART_Init        stm32f4xx_usart.o
    0x08004978   0x08004978   0x0000000a   Code   RO         3238    i.USART_ReceiveData  stm32f4xx_usart.o
    0x08004982   0x08004982   0x00000004   Code   RO          329    i.UsageFault_Handler  stm32f4xx_it.o
    0x08004986   0x08004986   0x00000030   Code   RO         4874    i.__ARM_fpclassify  m_wm.l(fpclassify.o)
    0x080049b6   0x080049b6   0x00000002   PAD
    0x080049b8   0x080049b8   0x00000360   Code   RO         4768    i.__hardfp_asin     m_wm.l(asin.o)
    0x08004d18   0x08004d18   0x000002d8   Code   RO         4846    i.__hardfp_atan     m_wm.l(atan.o)
    0x08004ff0   0x08004ff0   0x00000200   Code   RO         4782    i.__hardfp_atan2    m_wm.l(atan2.o)
    0x080051f0   0x080051f0   0x00000014   Code   RO         4794    i.__hardfp_fabs     m_wm.l(fabs.o)
    0x08005204   0x08005204   0x0000007a   Code   RO         4800    i.__hardfp_sqrt     m_wm.l(sqrt.o)
    0x0800527e   0x0800527e   0x000000f8   Code   RO         4876    i.__kernel_poly     m_wm.l(poly.o)
    0x08005376   0x08005376   0x00000014   Code   RO         4861    i.__mathlib_dbl_infnan  m_wm.l(dunder.o)
    0x0800538a   0x0800538a   0x00000014   Code   RO         4862    i.__mathlib_dbl_infnan2  m_wm.l(dunder.o)
    0x0800539e   0x0800539e   0x00000002   PAD
    0x080053a0   0x080053a0   0x00000020   Code   RO         4863    i.__mathlib_dbl_invalid  m_wm.l(dunder.o)
    0x080053c0   0x080053c0   0x00000020   Code   RO         4866    i.__mathlib_dbl_underflow  m_wm.l(dunder.o)
    0x080053e0   0x080053e0   0x00000010   Code   RO         4848    i.atan              m_wm.l(atan.o)
    0x080053f0   0x080053f0   0x0000000c   Code   RO         1294    i.bit32TObit8       nuc.o
    0x080053fc   0x080053fc   0x00000038   Code   RO         4448    i.can_send_task     can_send_task.o
    0x08005434   0x08005434   0x00000034   Code   RO         4449    i.can_send_task_create  can_send_task.o
    0x08005468   0x08005468   0x00000044   Code   RO         3409    i.delay_init        delay.o
    0x080054ac   0x080054ac   0x00000044   Code   RO         3410    i.delay_ms          delay.o
    0x080054f0   0x080054f0   0x00000048   Code   RO         3411    i.delay_us          delay.o
    0x08005538   0x08005538   0x00000018   Code   RO         3412    i.delay_xms         delay.o
    0x08005550   0x08005550   0x00000018   Code   RO         4796    i.fabs              m_wm.l(fabs.o)
    0x08005568   0x08005568   0x00000058   Code   RO         4481    i.gimbal_task       gimbal_task.o
    0x080055c0   0x080055c0   0x0000002c   Code   RO         4482    i.gimbal_task_create  gimbal_task.o
    0x080055ec   0x080055ec   0x00000022   Code   RO         4531    i.imu_task          imu_task.o
    0x0800560e   0x0800560e   0x00000002   PAD
    0x08005610   0x08005610   0x00000030   Code   RO         4532    i.imu_task_create   imu_task.o
    0x08005640   0x08005640   0x00000034   Code   RO         1052    i.inv_sqrt          imu.o
    0x08005674   0x08005674   0x00000068   Code   RO         4560    i.led_task          led_task.o
    0x080056dc   0x080056dc   0x0000002c   Code   RO         4561    i.led_task_create   led_task.o
    0x08005708   0x08005708   0x00000024   Code   RO            4    i.main              main.o
    0x0800572c   0x0800572c   0x00000050   Code   RO         4592    i.mode_task         mode_task.o
    0x0800577c   0x0800577c   0x00000030   Code   RO         4593    i.mode_task_create  mode_task.o
    0x080057ac   0x080057ac   0x0000001e   Code   RO         4637    i.nuc_task          nuc_task.o
    0x080057ca   0x080057ca   0x00000002   PAD
    0x080057cc   0x080057cc   0x00000030   Code   RO         4638    i.nuc_task_create   nuc_task.o
    0x080057fc   0x080057fc   0x00000098   Code   RO         3847    i.prvAddCurrentTaskToDelayedList  tasks.o
    0x08005894   0x08005894   0x000000b8   Code   RO         3848    i.prvAddNewTaskToReadyList  tasks.o
    0x0800594c   0x0800594c   0x00000064   Code   RO         4190    i.prvCheckForValidListAndQueue  timers.o
    0x080059b0   0x080059b0   0x00000064   Code   RO         3849    i.prvCheckTasksWaitingTermination  tasks.o
    0x08005a14   0x08005a14   0x0000002a   Code   RO         3649    i.prvCopyDataFromQueue  queue.o
    0x08005a3e   0x08005a3e   0x0000007c   Code   RO         3650    i.prvCopyDataToQueue  queue.o
    0x08005aba   0x08005aba   0x00000012   Code   RO         3850    i.prvDeleteTCB      tasks.o
    0x08005acc   0x08005acc   0x00000028   Code   RO         4191    i.prvGetNextExpireTime  timers.o
    0x08005af4   0x08005af4   0x0000007c   Code   RO         4320    i.prvHeapInit       heap_4.o
    0x08005b70   0x08005b70   0x00000028   Code   RO         3851    i.prvIdleTask       tasks.o
    0x08005b98   0x08005b98   0x0000002a   Code   RO         3652    i.prvInitialiseNewQueue  queue.o
    0x08005bc2   0x08005bc2   0x000000b4   Code   RO         3852    i.prvInitialiseNewTask  tasks.o
    0x08005c76   0x08005c76   0x00000002   PAD
    0x08005c78   0x08005c78   0x00000068   Code   RO         3853    i.prvInitialiseTaskLists  tasks.o
    0x08005ce0   0x08005ce0   0x00000068   Code   RO         4321    i.prvInsertBlockIntoFreeList  heap_4.o
    0x08005d48   0x08005d48   0x00000058   Code   RO         4193    i.prvInsertTimerInActiveList  timers.o
    0x08005da0   0x08005da0   0x0000001a   Code   RO         3653    i.prvIsQueueEmpty   queue.o
    0x08005dba   0x08005dba   0x0000001e   Code   RO         3654    i.prvIsQueueFull    queue.o
    0x08005dd8   0x08005dd8   0x00000064   Code   RO         4194    i.prvProcessExpiredTimer  timers.o
    0x08005e3c   0x08005e3c   0x000000f8   Code   RO         4195    i.prvProcessReceivedCommands  timers.o
    0x08005f34   0x08005f34   0x00000074   Code   RO         4196    i.prvProcessTimerOrBlockTask  timers.o
    0x08005fa8   0x08005fa8   0x00000034   Code   RO         3855    i.prvResetNextTaskUnblockTime  tasks.o
    0x08005fdc   0x08005fdc   0x0000002c   Code   RO         4197    i.prvSampleTimeNow  timers.o
    0x08006008   0x08006008   0x000000a0   Code   RO         4198    i.prvSwitchTimerLists  timers.o
    0x080060a8   0x080060a8   0x00000016   Code   RO         3856    i.prvTaskCheckFreeStackSpace  tasks.o
    0x080060be   0x080060be   0x00000002   PAD
    0x080060c0   0x080060c0   0x00000040   Code   RO         4370    i.prvTaskExitError  port.o
    0x08006100   0x08006100   0x0000001e   Code   RO         3520    i.prvTestWaitCondition  event_groups.o
    0x0800611e   0x0800611e   0x0000001a   Code   RO         4199    i.prvTimerTask      timers.o
    0x08006138   0x08006138   0x0000007e   Code   RO         3655    i.prvUnlockQueue    queue.o
    0x080061b6   0x080061b6   0x00000002   PAD
    0x080061b8   0x080061b8   0x0000013c   Code   RO         4322    i.pvPortMalloc      heap_4.o
    0x080062f4   0x080062f4   0x00000020   Code   RO         3858    i.pvTaskIncrementMutexHeldCount  tasks.o
    0x08006314   0x08006314   0x0000002c   Code   RO         4371    i.pxPortInitialiseStack  port.o
    0x08006340   0x08006340   0x00000058   Code   RO         4669    i.shoot_task        shoot_task.o
    0x08006398   0x08006398   0x00000030   Code   RO         4670    i.shoot_task_create  shoot_task.o
    0x080063c8   0x080063c8   0x0000000c   Code   RO         1295    i.shortTou8         nuc.o
    0x080063d4   0x080063d4   0x0000006e   Code   RO         4802    i.sqrt              m_wm.l(sqrt.o)
    0x08006442   0x08006442   0x00000002   PAD
    0x08006444   0x08006444   0x00000040   Code   RO         4715    i.start_task        task_init.o
    0x08006484   0x08006484   0x00000030   Code   RO         4716    i.start_task_create  task_init.o
    0x080064b4   0x080064b4   0x00000028   Code   RO         3612    i.uxListRemove      list.o
    0x080064dc   0x080064dc   0x00000028   Code   RO         3861    i.uxTaskGetStackHighWaterMark  tasks.o
    0x08006504   0x08006504   0x0000001c   Code   RO         3866    i.uxTaskResetEventItemValue  tasks.o
    0x08006520   0x08006520   0x0000001a   Code   RO         3613    i.vListInitialise   list.o
    0x0800653a   0x0800653a   0x00000006   Code   RO         3614    i.vListInitialiseItem  list.o
    0x08006540   0x08006540   0x00000034   Code   RO         3615    i.vListInsert       list.o
    0x08006574   0x08006574   0x00000018   Code   RO         3616    i.vListInsertEnd    list.o
    0x0800658c   0x0800658c   0x00000054   Code   RO         4373    i.vPortEnterCritical  port.o
    0x080065e0   0x080065e0   0x0000003c   Code   RO         4374    i.vPortExitCritical  port.o
    0x0800661c   0x0800661c   0x00000094   Code   RO         4323    i.vPortFree         heap_4.o
    0x080066b0   0x080066b0   0x00000020   Code   RO         4375    i.vPortSetupTimerInterrupt  port.o
    0x080066d0   0x080066d0   0x00000078   Code   RO         4376    i.vPortValidateInterruptPriority  port.o
    0x08006748   0x08006748   0x0000002c   Code   RO         3661    i.vQueueAddToRegistry  queue.o
    0x08006774   0x08006774   0x0000004a   Code   RO         3665    i.vQueueWaitForMessageRestricted  queue.o
    0x080067be   0x080067be   0x00000002   PAD
    0x080067c0   0x080067c0   0x0000005c   Code   RO         3867    i.vTaskDelay        tasks.o
    0x0800681c   0x0800681c   0x000000d4   Code   RO         3868    i.vTaskDelayUntil   tasks.o
    0x080068f0   0x080068f0   0x000000f4   Code   RO         3869    i.vTaskDelete       tasks.o
    0x080069e4   0x080069e4   0x0000000c   Code   RO         3872    i.vTaskMissedYield  tasks.o
    0x080069f0   0x080069f0   0x00000038   Code   RO         3874    i.vTaskPlaceOnEventList  tasks.o
    0x08006a28   0x08006a28   0x00000040   Code   RO         3875    i.vTaskPlaceOnEventListRestricted  tasks.o
    0x08006a68   0x08006a68   0x0000006c   Code   RO         3876    i.vTaskPlaceOnUnorderedEventList  tasks.o
    0x08006ad4   0x08006ad4   0x000000b0   Code   RO         3877    i.vTaskPriorityInherit  tasks.o
    0x08006b84   0x08006b84   0x00000030   Code   RO         3881    i.vTaskSetTimeOutState  tasks.o
    0x08006bb4   0x08006bb4   0x00000094   Code   RO         3882    i.vTaskStartScheduler  tasks.o
    0x08006c48   0x08006c48   0x00000010   Code   RO         3884    i.vTaskSuspendAll   tasks.o
    0x08006c58   0x08006c58   0x0000008c   Code   RO         3885    i.vTaskSwitchContext  tasks.o
    0x08006ce4   0x08006ce4   0x0000001a   Code   RO         3526    i.xEventGroupCreate  event_groups.o
    0x08006cfe   0x08006cfe   0x000000ce   Code   RO         3528    i.xEventGroupSetBits  event_groups.o
    0x08006dcc   0x08006dcc   0x00000154   Code   RO         3530    i.xEventGroupWaitBits  event_groups.o
    0x08006f20   0x08006f20   0x0000013c   Code   RO         4377    i.xPortStartScheduler  port.o
    0x0800705c   0x0800705c   0x00000034   Code   RO         4378    i.xPortSysTickHandler  port.o
    0x08007090   0x08007090   0x00000058   Code   RO         3668    i.xQueueGenericCreate  queue.o
    0x080070e8   0x080070e8   0x000001c4   Code   RO         3669    i.xQueueGenericReceive  queue.o
    0x080072ac   0x080072ac   0x00000098   Code   RO         3670    i.xQueueGenericReset  queue.o
    0x08007344   0x08007344   0x000001a8   Code   RO         3671    i.xQueueGenericSend  queue.o
    0x080074ec   0x080074ec   0x000000f8   Code   RO         3672    i.xQueueGenericSendFromISR  queue.o
    0x080075e4   0x080075e4   0x0000008c   Code   RO         3886    i.xTaskCheckForTimeOut  tasks.o
    0x08007670   0x08007670   0x00000060   Code   RO         3887    i.xTaskCreate       tasks.o
    0x080076d0   0x080076d0   0x00000020   Code   RO         3891    i.xTaskGetSchedulerState  tasks.o
    0x080076f0   0x080076f0   0x0000000c   Code   RO         3892    i.xTaskGetTickCount  tasks.o
    0x080076fc   0x080076fc   0x00000148   Code   RO         3894    i.xTaskIncrementTick  tasks.o
    0x08007844   0x08007844   0x000000c8   Code   RO         3897    i.xTaskPriorityDisinherit  tasks.o
    0x0800790c   0x0800790c   0x00000098   Code   RO         3898    i.xTaskRemoveFromEventList  tasks.o
    0x080079a4   0x080079a4   0x000000b0   Code   RO         3899    i.xTaskRemoveFromUnorderedEventList  tasks.o
    0x08007a54   0x08007a54   0x00000104   Code   RO         3900    i.xTaskResumeAll    tasks.o
    0x08007b58   0x08007b58   0x00000058   Code   RO         4203    i.xTimerCreateTimerTask  timers.o
    0x08007bb0   0x08007bb0   0x00000084   Code   RO         4204    i.xTimerGenericCommand  timers.o
    0x08007c34   0x08007c34   0x00000018   Code   RO         4819    x$fpl$basic         fz_wm.l(basic.o)
    0x08007c4c   0x08007c4c   0x00000062   Code   RO         4760    x$fpl$d2f           fz_wm.l(d2f.o)
    0x08007cae   0x08007cae   0x00000002   PAD
    0x08007cb0   0x08007cb0   0x00000150   Code   RO         4821    x$fpl$dadd          fz_wm.l(daddsub_clz.o)
    0x08007e00   0x08007e00   0x00000018   Code   RO         4827    x$fpl$dcmpinf       fz_wm.l(dcmpi.o)
    0x08007e18   0x08007e18   0x000002b0   Code   RO         4830    x$fpl$ddiv          fz_wm.l(ddiv.o)
    0x080080c8   0x080080c8   0x00000078   Code   RO         4833    x$fpl$deqf          fz_wm.l(deqf.o)
    0x08008140   0x08008140   0x00000078   Code   RO         4762    x$fpl$dleqf         fz_wm.l(dleqf.o)
    0x080081b8   0x080081b8   0x00000154   Code   RO         4764    x$fpl$dmul          fz_wm.l(dmul.o)
    0x0800830c   0x0800830c   0x0000009c   Code   RO         4835    x$fpl$dnaninf       fz_wm.l(dnaninf.o)
    0x080083a8   0x080083a8   0x0000000c   Code   RO         4837    x$fpl$dretinf       fz_wm.l(dretinf.o)
    0x080083b4   0x080083b4   0x00000016   Code   RO         4822    x$fpl$drsb          fz_wm.l(daddsub_clz.o)
    0x080083ca   0x080083ca   0x00000002   PAD
    0x080083cc   0x080083cc   0x00000198   Code   RO         4839    x$fpl$dsqrt         fz_wm.l(dsqrt_umaal.o)
    0x08008564   0x08008564   0x000001d4   Code   RO         4823    x$fpl$dsub          fz_wm.l(daddsub_clz.o)
    0x08008738   0x08008738   0x00000056   Code   RO         4766    x$fpl$f2d           fz_wm.l(f2d.o)
    0x0800878e   0x0800878e   0x0000008c   Code   RO         4841    x$fpl$fnaninf       fz_wm.l(fnaninf.o)
    0x0800881a   0x0800881a   0x0000000a   Code   RO         4970    x$fpl$fpinit        fz_wm.l(fpinit.o)
    0x08008824   0x08008824   0x0000000a   Code   RO         4843    x$fpl$fretinf       fz_wm.l(fretinf.o)
    0x0800882e   0x0800882e   0x00000000   Code   RO         4845    x$fpl$usenofp       fz_wm.l(usenofp.o)
    0x0800882e   0x0800882e   0x00000002   PAD
    0x08008830   0x08008830   0x00000010   Data   RO         1054    .constdata          imu.o
    0x08008840   0x08008840   0x00000050   Data   RO         4771    .constdata          m_wm.l(asin.o)
    0x08008890   0x08008890   0x00000098   Data   RO         4849    .constdata          m_wm.l(atan.o)
    0x08008928   0x08008928   0x00000008   Data   RO         4878    .constdata          m_wm.l(qnan.o)
    0x08008930   0x08008930   0x00000020   Data   RO         5040    Region$$Table       anon$$obj.o


    Execution Region RW_IRAM1 (Exec base: 0x20000000, Load base: 0x08008950, Size: 0x00013ac0, Max: 0x00030000, ABSOLUTE, COMPRESSED[0x0000003c])

    Exec Addr    Load Addr    Size         Type   Attr      Idx    E Section Name        Object

    0x20000000   COMPRESSED   0x00000014   Data   RW          487    .data               system_stm32f4xx.o
    0x20000014   COMPRESSED   0x00000002   Data   RW          591    .data               can_handle.o
    0x20000016   COMPRESSED   0x00000002   PAD
    0x20000018   COMPRESSED   0x00000004   Data   RW          684    .data               dr16.o
    0x2000001c   COMPRESSED   0x0000005e   Data   RW         1055    .data               imu.o
    0x2000007a   COMPRESSED   0x00000002   PAD
    0x2000007c   COMPRESSED   0x00000010   Data   RW         1297    .data               nuc.o
    0x2000008c   COMPRESSED   0x0000000c   Data   RW         1485    .data               tim6.o
    0x20000098   COMPRESSED   0x00000010   Data   RW         2157    .data               stm32f4xx_rcc.o
    0x200000a8   COMPRESSED   0x00000004   Data   RW         3413    .data               delay.o
    0x200000ac   COMPRESSED   0x0000003c   Data   RW         3903    .data               tasks.o
    0x200000e8   COMPRESSED   0x00000014   Data   RW         4210    .data               timers.o
    0x200000fc   COMPRESSED   0x00000018   Data   RW         4328    .data               heap_4.o
    0x20000114   COMPRESSED   0x0000000c   Data   RW         4379    .data               port.o
    0x20000120   COMPRESSED   0x00000004   Data   RW         4450    .data               can_send_task.o
    0x20000124   COMPRESSED   0x00000020   Data   RW         4483    .data               gimbal_task.o
    0x20000144   COMPRESSED   0x00000004   Data   RW         4533    .data               imu_task.o
    0x20000148   COMPRESSED   0x00000004   Data   RW         4562    .data               led_task.o
    0x2000014c   COMPRESSED   0x0000001c   Data   RW         4594    .data               mode_task.o
    0x20000168   COMPRESSED   0x00000004   Data   RW         4639    .data               nuc_task.o
    0x2000016c   COMPRESSED   0x0000001c   Data   RW         4671    .data               shoot_task.o
    0x20000188   COMPRESSED   0x00000008   Data   RW         4717    .data               task_init.o
    0x20000190        -       0x00000090   Zero   RW          590    .bss                can_handle.o
    0x20000220        -       0x0000005e   Zero   RW          683    .bss                dr16.o
    0x2000027e   COMPRESSED   0x00000002   PAD
    0x20000280        -       0x00000064   Zero   RW         1053    .bss                imu.o
    0x200002e4        -       0x000003c0   Zero   RW         1251    .bss                pid.o
    0x200006a4        -       0x00000040   Zero   RW         1296    .bss                nuc.o
    0x200006e4        -       0x0000004a   Zero   RW         1523    .bss                dual_board.o
    0x2000072e   COMPRESSED   0x00000002   PAD
    0x20000730        -       0x00000040   Zero   RW         3680    .bss                queue.o
    0x20000770        -       0x000000c8   Zero   RW         3902    .bss                tasks.o
    0x20000838        -       0x00000028   Zero   RW         4209    .bss                timers.o
    0x20000860        -       0x00012c00   Zero   RW         4327    .bss                heap_4.o
    0x20013460        -       0x00000060   Zero   RW         4902    .bss                c_w.l(libspace.o)
    0x200134c0        -       0x00000200   Zero   RW         3474    HEAP                startup_stm32f427xx.o
    0x200136c0        -       0x00000400   Zero   RW         3473    STACK               startup_stm32f427xx.o


==============================================================================

Image component sizes


      Code (inc. data)   RO Data    RW Data    ZI Data      Debug   Object Name

       176         14          0          0          0       1240   beep.o
       596         18          0          0          0       2109   can.o
       604         68          0          2        144       5638   can_handle.o
       108         32          0          4          0       1375   can_send_task.o
       188         16          0          0          0       1214   cover.o
         0          0          0          0          0       7240   croutine.o
       248         20          0          4          0       3109   delay.o
       678         46          0          4         94       6068   dr16.o
       824         62          0          0         74       7584   dual_board.o
       602          6          0          0          0      15631   event_groups.o
       354         58          0          0          0       2168   gimbal.o
      1284        182          0         32          0       4235   gimbal_task.o
       692         62          0         24      76800       4387   heap_4.o
      4136        350         16         94        100      15409   imu.o
        82         22          0          4          0       1604   imu_task.o
        60          6          0          0          0        545   laser.o
       112          8          0          0          0        567   led.o
       148         30          0          4          0       1316   led_task.o
       148          0          0          0          0       3222   list.o
        96          0          0          0          0     315378   main.o
       180         24          0          0          0     248237   misc.o
       520         92          0         28          0       3757   mode_task.o
      1328         98          0         16         64       7700   nuc.o
        78         22          0          4          0       1600   nuc_task.o
       686         10          0          0        960       3845   pid.o
       954         92          0         12          0      11405   port.o
        56          6          0          0          0        545   power.o
      1872         22          0          0         64      15949   queue.o
       192         22          0          0          0        509   shoot.o
       472        100          0         28          0       3537   shoot_task.o
       276         14          0          0          0       1283   spi.o
        64         26        428          0       1536        836   startup_stm32f427xx.o
      1654         22          0          0          0       7508   stm32f4xx_can.o
       742         58          0          0          0       8145   stm32f4xx_dma.o
       184         16          0          0          0       2080   stm32f4xx_exti.o
       240          0          0          0          0       4017   stm32f4xx_gpio.o
        20          0          0          0          0      71497   stm32f4xx_it.o
       392         48          0         16          0       5785   stm32f4xx_rcc.o
       112          0          0          0          0       3478   stm32f4xx_spi.o
        64          4          0          0          0        652   stm32f4xx_syscfg.o
       530         46          0          0          0       7437   stm32f4xx_tim.o
       440          8          0          0          0       5423   stm32f4xx_usart.o
       392         32          0         20          0       1769   system_stm32f4xx.o
       120         28          0          8          0       1823   task_init.o
      3664        462          0         60        200      27864   tasks.o
       240         32          0         12          0       1502   tim6.o
      1142        118          0         20         40      17279   timers.o

    ----------------------------------------------------------------------
     27788       2402        476        400      80080     865501   Object Totals
         0          0         32          0          0          0   (incl. Generated)
        38          0          0          4          4          0   (incl. Padding)

    ----------------------------------------------------------------------

      Code (inc. data)   RO Data    RW Data    ZI Data      Debug   Library Member Name

        90          0          0          0          0          0   __dczerorl2.o
         8          0          0          0          0         68   __main.o
         0          0          0          0          0          0   __rtentry.o
        12          0          0          0          0          0   __rtentry2.o
         6          0          0          0          0          0   __rtentry4.o
        52          8          0          0          0          0   __scatter.o
        28          0          0          0          0          0   __scatter_zi.o
        22          0          0          0          0        100   _rserrno.o
        16          0          0          0          0         68   aeabi_memset.o
        18          0          0          0          0         80   exit.o
         6          0          0          0          0        152   heapauxi.o
         0          0          0          0          0          0   indicate_semi.o
         2          0          0          0          0          0   libinit.o
         6          0          0          0          0          0   libinit2.o
         2          0          0          0          0          0   libshutdown.o
         2          0          0          0          0          0   libshutdown2.o
         8          4          0          0         96         68   libspace.o
         8          4          0          0          0         68   rt_errno_addr_intlibspace.o
        68          0          0          0          0         68   rt_memclr.o
        78          0          0          0          0         80   rt_memclr_w.o
       138          0          0          0          0         68   rt_memcpy_v6.o
       100          0          0          0          0         80   rt_memcpy_w.o
         2          0          0          0          0          0   rtexit.o
        10          0          0          0          0          0   rtexit2.o
        12          4          0          0          0         68   sys_exit.o
        74          0          0          0          0         80   sys_stackheap_outer.o
         2          0          0          0          0         68   use_no_semi.o
        24          0          0          0          0        164   basic.o
        98          4          0          0          0        140   d2f.o
       826         16          0          0          0        492   daddsub_clz.o
        24          0          0          0          0        116   dcmpi.o
       688        140          0          0          0        256   ddiv.o
       120          4          0          0          0        140   deqf.o
       120          4          0          0          0        140   dleqf.o
       340         12          0          0          0        152   dmul.o
       156          4          0          0          0        140   dnaninf.o
        12          0          0          0          0        116   dretinf.o
       408         56          0          0          0        168   dsqrt_umaal.o
        86          4          0          0          0        132   f2d.o
       140          4          0          0          0        132   fnaninf.o
        10          0          0          0          0        116   fpinit.o
        10          0          0          0          0        116   fretinf.o
         0          0          0          0          0          0   usenofp.o
       864         94         80          0          0        280   asin.o
       744        106        152          0          0        352   atan.o
       512         64          0          0          0        208   atan2.o
       104         16          0          0          0        496   dunder.o
        44          0          0          0          0        248   fabs.o
        48          0          0          0          0        124   fpclassify.o
       248          0          0          0          0        152   poly.o
         0          0          8          0          0          0   qnan.o
       232          0          0          0          0        296   sqrt.o

    ----------------------------------------------------------------------
      6648        548        240          0         96       5792   Library Totals
        20          0          0          0          0          0   (incl. Padding)

    ----------------------------------------------------------------------

      Code (inc. data)   RO Data    RW Data    ZI Data      Debug   Library Name

       770         20          0          0         96       1116   c_w.l
      3062        248          0          0          0       2520   fz_wm.l
      2796        280        240          0          0       2156   m_wm.l

    ----------------------------------------------------------------------
      6648        548        240          0         96       5792   Library Totals

    ----------------------------------------------------------------------

==============================================================================


      Code (inc. data)   RO Data    RW Data    ZI Data      Debug   

     34436       2950        716        400      80176     843873   Grand Totals
     34436       2950        716         60      80176     843873   ELF Image Totals (compressed)
     34436       2950        716         60          0          0   ROM Totals

==============================================================================

    Total RO  Size (Code + RO Data)                35152 (  34.33kB)
    Total RW  Size (RW Data + ZI Data)             80576 (  78.69kB)
    Total ROM Size (Code + RO Data + RW Data)      35212 (  34.39kB)

==============================================================================

